2026-09-26 14:24:01,686 INFO run_id=20260926T192401Z_0d4fdc protocolo=holdout_cv_v3 model=svm_rbf dataset=all experiment=all n_jobs=1 smoke_test=False resume=False
2026-09-26 14:24:01,699 INFO preparando COMBINED/no_dn (rama no_dn, 30 configuraciones x folds internos)
2026-09-26 14:24:40,198 INFO COMBINED/no_dn fold 0: 84/22 pacientes train/validation, 30 de 30 configuracion(es) por evaluar
2026-09-26 14:24:56,235 INFO COMBINED/no_dn fold 0 config 0: OK val_BA=0.825 (0.0 min)
2026-09-26 14:24:56,252 INFO COMBINED/no_dn fold 0 config 1: OK val_BA=0.500 (0.0 min)
2026-09-26 14:24:56,268 INFO COMBINED/no_dn fold 0 config 2: OK val_BA=0.683 (0.0 min)
2026-09-26 14:24:56,284 INFO COMBINED/no_dn fold 0 config 3: OK val_BA=0.817 (0.0 min)
2026-09-26 14:24:56,300 INFO COMBINED/no_dn fold 0 config 4: OK val_BA=0.500 (0.0 min)
2026-09-26 14:24:56,316 INFO COMBINED/no_dn fold 0 config 5: OK val_BA=0.958 (0.0 min)
2026-09-26 14:24:56,332 INFO COMBINED/no_dn fold 0 config 6: OK val_BA=0.683 (0.0 min)
2026-09-26 14:24:56,347 INFO COMBINED/no_dn fold 0 config 7: OK val_BA=0.867 (0.0 min)
2026-09-26 14:24:56,363 INFO COMBINED/no_dn fold 0 config 8: OK val_BA=0.908 (0.0 min)
2026-09-26 14:24:56,379 INFO COMBINED/no_dn fold 0 config 9: OK val_BA=0.500 (0.0 min)
2026-09-26 14:24:56,395 INFO COMBINED/no_dn fold 0 config 10: OK val_BA=0.958 (0.0 min)
2026-09-26 14:24:56,411 INFO COMBINED/no_dn fold 0 config 11: OK val_BA=0.775 (0.0 min)
2026-09-26 14:24:56,427 INFO COMBINED/no_dn fold 0 config 12: OK val_BA=0.958 (0.0 min)
2026-09-26 14:24:56,443 INFO COMBINED/no_dn fold 0 config 13: OK val_BA=0.708 (0.0 min)
2026-09-26 14:24:56,459 INFO COMBINED/no_dn fold 0 config 14: OK val_BA=0.500 (0.0 min)
2026-09-26 14:24:56,475 INFO COMBINED/no_dn fold 0 config 15: OK val_BA=0.808 (0.0 min)
2026-09-26 14:24:56,491 INFO COMBINED/no_dn fold 0 config 16: OK val_BA=0.917 (0.0 min)
2026-09-26 14:24:56,507 INFO COMBINED/no_dn fold 0 config 17: OK val_BA=0.958 (0.0 min)
2026-09-26 14:24:56,523 INFO COMBINED/no_dn fold 0 config 18: OK val_BA=0.758 (0.0 min)
2026-09-26 14:24:56,538 INFO COMBINED/no_dn fold 0 config 19: OK val_BA=0.500 (0.0 min)
2026-09-26 14:24:56,554 INFO COMBINED/no_dn fold 0 config 20: OK val_BA=0.808 (0.0 min)
2026-09-26 14:24:56,570 INFO COMBINED/no_dn fold 0 config 21: OK val_BA=0.958 (0.0 min)
2026-09-26 14:24:56,586 INFO COMBINED/no_dn fold 0 config 22: OK val_BA=0.858 (0.0 min)
2026-09-26 14:24:56,602 INFO COMBINED/no_dn fold 0 config 23: OK val_BA=0.758 (0.0 min)
2026-09-26 14:24:56,618 INFO COMBINED/no_dn fold 0 config 24: OK val_BA=0.500 (0.0 min)
2026-09-26 14:24:56,634 INFO COMBINED/no_dn fold 0 config 25: OK val_BA=0.808 (0.0 min)
2026-09-26 14:24:56,650 INFO COMBINED/no_dn fold 0 config 26: OK val_BA=0.958 (0.0 min)
2026-09-26 14:24:56,666 INFO COMBINED/no_dn fold 0 config 27: OK val_BA=0.858 (0.0 min)
2026-09-26 14:24:56,682 INFO COMBINED/no_dn fold 0 config 28: OK val_BA=0.758 (0.0 min)
2026-09-26 14:24:56,698 INFO COMBINED/no_dn fold 0 config 29: OK val_BA=0.500 (0.0 min)
2026-09-26 14:25:34,133 INFO COMBINED/no_dn fold 1: 84/22 pacientes train/validation, 30 de 30 configuracion(es) por evaluar
2026-09-26 14:25:50,145 INFO COMBINED/no_dn fold 1 config 0: OK val_BA=0.774 (0.0 min)
2026-09-26 14:25:50,162 INFO COMBINED/no_dn fold 1 config 1: OK val_BA=0.500 (0.0 min)
2026-09-26 14:25:50,178 INFO COMBINED/no_dn fold 1 config 2: OK val_BA=0.585 (0.0 min)
2026-09-26 14:25:50,193 INFO COMBINED/no_dn fold 1 config 3: OK val_BA=0.658 (0.0 min)
2026-09-26 14:25:50,210 INFO COMBINED/no_dn fold 1 config 4: OK val_BA=0.500 (0.0 min)
2026-09-26 14:25:50,225 INFO COMBINED/no_dn fold 1 config 5: OK val_BA=0.868 (0.0 min)
2026-09-26 14:25:50,241 INFO COMBINED/no_dn fold 1 config 6: OK val_BA=0.585 (0.0 min)
2026-09-26 14:25:50,257 INFO COMBINED/no_dn fold 1 config 7: OK val_BA=0.774 (0.0 min)
2026-09-26 14:25:50,273 INFO COMBINED/no_dn fold 1 config 8: OK val_BA=0.812 (0.0 min)
2026-09-26 14:25:50,289 INFO COMBINED/no_dn fold 1 config 9: OK val_BA=0.500 (0.0 min)
2026-09-26 14:25:50,305 INFO COMBINED/no_dn fold 1 config 10: OK val_BA=0.812 (0.0 min)
2026-09-26 14:25:50,321 INFO COMBINED/no_dn fold 1 config 11: OK val_BA=0.774 (0.0 min)
2026-09-26 14:25:50,337 INFO COMBINED/no_dn fold 1 config 12: OK val_BA=0.812 (0.0 min)
2026-09-26 14:25:50,353 INFO COMBINED/no_dn fold 1 config 13: OK val_BA=0.812 (0.0 min)
2026-09-26 14:25:50,369 INFO COMBINED/no_dn fold 1 config 14: OK val_BA=0.500 (0.0 min)
2026-09-26 14:25:50,385 INFO COMBINED/no_dn fold 1 config 15: OK val_BA=0.812 (0.0 min)
2026-09-26 14:25:50,401 INFO COMBINED/no_dn fold 1 config 16: OK val_BA=0.812 (0.0 min)
2026-09-26 14:25:50,417 INFO COMBINED/no_dn fold 1 config 17: OK val_BA=0.812 (0.0 min)
2026-09-26 14:25:50,433 INFO COMBINED/no_dn fold 1 config 18: OK val_BA=0.756 (0.0 min)
2026-09-26 14:25:50,449 INFO COMBINED/no_dn fold 1 config 19: OK val_BA=0.500 (0.0 min)
2026-09-26 14:25:50,465 INFO COMBINED/no_dn fold 1 config 20: OK val_BA=0.812 (0.0 min)
2026-09-26 14:25:50,481 INFO COMBINED/no_dn fold 1 config 21: OK val_BA=0.812 (0.0 min)
2026-09-26 14:25:50,497 INFO COMBINED/no_dn fold 1 config 22: OK val_BA=0.812 (0.0 min)
2026-09-26 14:25:50,512 INFO COMBINED/no_dn fold 1 config 23: OK val_BA=0.756 (0.0 min)
2026-09-26 14:25:50,528 INFO COMBINED/no_dn fold 1 config 24: OK val_BA=0.500 (0.0 min)
2026-09-26 14:25:50,544 INFO COMBINED/no_dn fold 1 config 25: OK val_BA=0.812 (0.0 min)
2026-09-26 14:25:50,560 INFO COMBINED/no_dn fold 1 config 26: OK val_BA=0.812 (0.0 min)
2026-09-26 14:25:50,576 INFO COMBINED/no_dn fold 1 config 27: OK val_BA=0.812 (0.0 min)
2026-09-26 14:25:50,592 INFO COMBINED/no_dn fold 1 config 28: OK val_BA=0.756 (0.0 min)
2026-09-26 14:25:50,608 INFO COMBINED/no_dn fold 1 config 29: OK val_BA=0.500 (0.0 min)
2026-09-26 14:26:28,262 INFO COMBINED/no_dn fold 2: 85/21 pacientes train/validation, 30 de 30 configuracion(es) por evaluar
2026-09-26 14:26:45,296 INFO COMBINED/no_dn fold 2 config 0: OK val_BA=0.855 (0.0 min)
2026-09-26 14:26:45,313 INFO COMBINED/no_dn fold 2 config 1: OK val_BA=0.500 (0.0 min)
2026-09-26 14:26:45,330 INFO COMBINED/no_dn fold 2 config 2: OK val_BA=0.855 (0.0 min)
2026-09-26 14:26:45,347 INFO COMBINED/no_dn fold 2 config 3: OK val_BA=0.855 (0.0 min)
2026-09-26 14:26:45,364 INFO COMBINED/no_dn fold 2 config 4: OK val_BA=0.500 (0.0 min)
2026-09-26 14:26:45,381 INFO COMBINED/no_dn fold 2 config 5: OK val_BA=0.855 (0.0 min)
2026-09-26 14:26:45,398 INFO COMBINED/no_dn fold 2 config 6: OK val_BA=0.805 (0.0 min)
2026-09-26 14:26:45,414 INFO COMBINED/no_dn fold 2 config 7: OK val_BA=0.905 (0.0 min)
2026-09-26 14:26:45,432 INFO COMBINED/no_dn fold 2 config 8: OK val_BA=0.805 (0.0 min)
2026-09-26 14:26:45,449 INFO COMBINED/no_dn fold 2 config 9: OK val_BA=0.500 (0.0 min)
2026-09-26 14:26:45,465 INFO COMBINED/no_dn fold 2 config 10: OK val_BA=0.655 (0.0 min)
2026-09-26 14:26:45,482 INFO COMBINED/no_dn fold 2 config 11: OK val_BA=0.905 (0.0 min)
2026-09-26 14:26:45,499 INFO COMBINED/no_dn fold 2 config 12: OK val_BA=0.805 (0.0 min)
2026-09-26 14:26:45,516 INFO COMBINED/no_dn fold 2 config 13: OK val_BA=0.605 (0.0 min)
2026-09-26 14:26:45,533 INFO COMBINED/no_dn fold 2 config 14: OK val_BA=0.500 (0.0 min)
2026-09-26 14:26:45,550 INFO COMBINED/no_dn fold 2 config 15: OK val_BA=0.655 (0.0 min)
2026-09-26 14:26:45,567 INFO COMBINED/no_dn fold 2 config 16: OK val_BA=0.805 (0.0 min)
2026-09-26 14:26:45,584 INFO COMBINED/no_dn fold 2 config 17: OK val_BA=0.755 (0.0 min)
2026-09-26 14:26:45,601 INFO COMBINED/no_dn fold 2 config 18: OK val_BA=0.605 (0.0 min)
2026-09-26 14:26:45,618 INFO COMBINED/no_dn fold 2 config 19: OK val_BA=0.500 (0.0 min)
2026-09-26 14:26:45,634 INFO COMBINED/no_dn fold 2 config 20: OK val_BA=0.655 (0.0 min)
2026-09-26 14:26:45,651 INFO COMBINED/no_dn fold 2 config 21: OK val_BA=0.805 (0.0 min)
2026-09-26 14:26:45,668 INFO COMBINED/no_dn fold 2 config 22: OK val_BA=0.700 (0.0 min)
2026-09-26 14:26:45,685 INFO COMBINED/no_dn fold 2 config 23: OK val_BA=0.605 (0.0 min)
2026-09-26 14:26:45,702 INFO COMBINED/no_dn fold 2 config 24: OK val_BA=0.500 (0.0 min)
2026-09-26 14:26:45,719 INFO COMBINED/no_dn fold 2 config 25: OK val_BA=0.655 (0.0 min)
2026-09-26 14:26:45,736 INFO COMBINED/no_dn fold 2 config 26: OK val_BA=0.800 (0.0 min)
2026-09-26 14:26:45,753 INFO COMBINED/no_dn fold 2 config 27: OK val_BA=0.700 (0.0 min)
2026-09-26 14:26:45,769 INFO COMBINED/no_dn fold 2 config 28: OK val_BA=0.605 (0.0 min)
2026-09-26 14:26:45,786 INFO COMBINED/no_dn fold 2 config 29: OK val_BA=0.500 (0.0 min)
2026-09-26 14:27:23,799 INFO COMBINED/no_dn fold 3: 85/21 pacientes train/validation, 30 de 30 configuracion(es) por evaluar
2026-09-26 14:27:42,790 INFO COMBINED/no_dn fold 3 config 0: OK val_BA=0.864 (0.0 min)
2026-09-26 14:27:42,806 INFO COMBINED/no_dn fold 3 config 1: OK val_BA=0.500 (0.0 min)
2026-09-26 14:27:42,821 INFO COMBINED/no_dn fold 3 config 2: OK val_BA=0.723 (0.0 min)
2026-09-26 14:27:42,837 INFO COMBINED/no_dn fold 3 config 3: OK val_BA=0.773 (0.0 min)
2026-09-26 14:27:42,853 INFO COMBINED/no_dn fold 3 config 4: OK val_BA=0.500 (0.0 min)
2026-09-26 14:27:42,869 INFO COMBINED/no_dn fold 3 config 5: OK val_BA=0.955 (0.0 min)
2026-09-26 14:27:42,884 INFO COMBINED/no_dn fold 3 config 6: OK val_BA=0.723 (0.0 min)
2026-09-26 14:27:42,900 INFO COMBINED/no_dn fold 3 config 7: OK val_BA=0.909 (0.0 min)
2026-09-26 14:27:42,916 INFO COMBINED/no_dn fold 3 config 8: OK val_BA=1.000 (0.0 min)
2026-09-26 14:27:42,932 INFO COMBINED/no_dn fold 3 config 9: OK val_BA=0.500 (0.0 min)
2026-09-26 14:27:42,947 INFO COMBINED/no_dn fold 3 config 10: OK val_BA=1.000 (0.0 min)
2026-09-26 14:27:42,963 INFO COMBINED/no_dn fold 3 config 11: OK val_BA=0.909 (0.0 min)
2026-09-26 14:27:42,979 INFO COMBINED/no_dn fold 3 config 12: OK val_BA=0.955 (0.0 min)
2026-09-26 14:27:42,995 INFO COMBINED/no_dn fold 3 config 13: OK val_BA=1.000 (0.0 min)
2026-09-26 14:27:43,011 INFO COMBINED/no_dn fold 3 config 14: OK val_BA=0.500 (0.0 min)
2026-09-26 14:27:43,026 INFO COMBINED/no_dn fold 3 config 15: OK val_BA=1.000 (0.0 min)
2026-09-26 14:27:43,042 INFO COMBINED/no_dn fold 3 config 16: OK val_BA=0.909 (0.0 min)
2026-09-26 14:27:43,058 INFO COMBINED/no_dn fold 3 config 17: OK val_BA=1.000 (0.0 min)
2026-09-26 14:27:43,074 INFO COMBINED/no_dn fold 3 config 18: OK val_BA=1.000 (0.0 min)
2026-09-26 14:27:43,089 INFO COMBINED/no_dn fold 3 config 19: OK val_BA=0.500 (0.0 min)
2026-09-26 14:27:43,105 INFO COMBINED/no_dn fold 3 config 20: OK val_BA=1.000 (0.0 min)
2026-09-26 14:27:43,120 INFO COMBINED/no_dn fold 3 config 21: OK val_BA=0.864 (0.0 min)
2026-09-26 14:27:43,136 INFO COMBINED/no_dn fold 3 config 22: OK val_BA=1.000 (0.0 min)
2026-09-26 14:27:43,151 INFO COMBINED/no_dn fold 3 config 23: OK val_BA=1.000 (0.0 min)
2026-09-26 14:27:43,167 INFO COMBINED/no_dn fold 3 config 24: OK val_BA=0.500 (0.0 min)
2026-09-26 14:27:43,183 INFO COMBINED/no_dn fold 3 config 25: OK val_BA=1.000 (0.0 min)
2026-09-26 14:27:43,199 INFO COMBINED/no_dn fold 3 config 26: OK val_BA=1.000 (0.0 min)
2026-09-26 14:27:43,214 INFO COMBINED/no_dn fold 3 config 27: OK val_BA=1.000 (0.0 min)
2026-09-26 14:27:43,230 INFO COMBINED/no_dn fold 3 config 28: OK val_BA=1.000 (0.0 min)
2026-09-26 14:27:43,246 INFO COMBINED/no_dn fold 3 config 29: OK val_BA=0.500 (0.0 min)
2026-09-26 14:28:21,413 INFO COMBINED/no_dn fold 4: 86/20 pacientes train/validation, 30 de 30 configuracion(es) por evaluar
2026-09-26 14:28:37,931 INFO COMBINED/no_dn fold 4 config 0: OK val_BA=0.889 (0.0 min)
2026-09-26 14:28:37,949 INFO COMBINED/no_dn fold 4 config 1: OK val_BA=0.500 (0.0 min)
2026-09-26 14:28:37,967 INFO COMBINED/no_dn fold 4 config 2: OK val_BA=0.889 (0.0 min)
2026-09-26 14:28:37,984 INFO COMBINED/no_dn fold 4 config 3: OK val_BA=0.889 (0.0 min)
2026-09-26 14:28:38,001 INFO COMBINED/no_dn fold 4 config 4: OK val_BA=0.500 (0.0 min)
2026-09-26 14:28:38,018 INFO COMBINED/no_dn fold 4 config 5: OK val_BA=1.000 (0.0 min)
2026-09-26 14:28:38,036 INFO COMBINED/no_dn fold 4 config 6: OK val_BA=0.833 (0.0 min)
2026-09-26 14:28:38,053 INFO COMBINED/no_dn fold 4 config 7: OK val_BA=1.000 (0.0 min)
2026-09-26 14:28:38,070 INFO COMBINED/no_dn fold 4 config 8: OK val_BA=0.889 (0.0 min)
2026-09-26 14:28:38,088 INFO COMBINED/no_dn fold 4 config 9: OK val_BA=0.500 (0.0 min)
2026-09-26 14:28:38,105 INFO COMBINED/no_dn fold 4 config 10: OK val_BA=0.889 (0.0 min)
2026-09-26 14:28:38,122 INFO COMBINED/no_dn fold 4 config 11: OK val_BA=0.944 (0.0 min)
2026-09-26 14:28:38,140 INFO COMBINED/no_dn fold 4 config 12: OK val_BA=1.000 (0.0 min)
2026-09-26 14:28:38,157 INFO COMBINED/no_dn fold 4 config 13: OK val_BA=0.833 (0.0 min)
2026-09-26 14:28:38,174 INFO COMBINED/no_dn fold 4 config 14: OK val_BA=0.500 (0.0 min)
2026-09-26 14:28:38,191 INFO COMBINED/no_dn fold 4 config 15: OK val_BA=0.889 (0.0 min)
2026-09-26 14:28:38,209 INFO COMBINED/no_dn fold 4 config 16: OK val_BA=1.000 (0.0 min)
2026-09-26 14:28:38,226 INFO COMBINED/no_dn fold 4 config 17: OK val_BA=0.889 (0.0 min)
2026-09-26 14:28:38,243 INFO COMBINED/no_dn fold 4 config 18: OK val_BA=0.833 (0.0 min)
2026-09-26 14:28:38,261 INFO COMBINED/no_dn fold 4 config 19: OK val_BA=0.500 (0.0 min)
2026-09-26 14:28:38,278 INFO COMBINED/no_dn fold 4 config 20: OK val_BA=0.889 (0.0 min)
2026-09-26 14:28:38,295 INFO COMBINED/no_dn fold 4 config 21: OK val_BA=0.944 (0.0 min)
2026-09-26 14:28:38,313 INFO COMBINED/no_dn fold 4 config 22: OK val_BA=0.889 (0.0 min)
2026-09-26 14:28:38,330 INFO COMBINED/no_dn fold 4 config 23: OK val_BA=0.833 (0.0 min)
2026-09-26 14:28:38,347 INFO COMBINED/no_dn fold 4 config 24: OK val_BA=0.500 (0.0 min)
2026-09-26 14:28:38,364 INFO COMBINED/no_dn fold 4 config 25: OK val_BA=0.889 (0.0 min)
2026-09-26 14:28:38,382 INFO COMBINED/no_dn fold 4 config 26: OK val_BA=0.944 (0.0 min)
2026-09-26 14:28:38,399 INFO COMBINED/no_dn fold 4 config 27: OK val_BA=0.889 (0.0 min)
2026-09-26 14:28:38,416 INFO COMBINED/no_dn fold 4 config 28: OK val_BA=0.833 (0.0 min)
2026-09-26 14:28:38,434 INFO COMBINED/no_dn fold 4 config 29: OK val_BA=0.500 (0.0 min)
2026-09-26 14:28:39,729 INFO COMBINED/no_dn: configuracion global 5 (decidida por balanced_accuracy_mean), BA folds=0.927±0.063 agrupada=0.926 [COMPLETED]
2026-09-26 14:28:39,737 INFO preparando COMBINED/dn (rama dn, 30 configuraciones x folds internos)
2026-09-26 14:29:17,962 INFO COMBINED/dn fold 0: 84/22 pacientes train/validation, 30 de 30 configuracion(es) por evaluar
2026-09-26 14:29:34,382 INFO COMBINED/dn fold 0 config 0: OK val_BA=0.742 (0.0 min)
2026-09-26 14:29:34,399 INFO COMBINED/dn fold 0 config 1: OK val_BA=0.500 (0.0 min)
2026-09-26 14:29:34,416 INFO COMBINED/dn fold 0 config 2: OK val_BA=0.692 (0.0 min)
2026-09-26 14:29:34,433 INFO COMBINED/dn fold 0 config 3: OK val_BA=0.783 (0.0 min)
2026-09-26 14:29:34,450 INFO COMBINED/dn fold 0 config 4: OK val_BA=0.500 (0.0 min)
2026-09-26 14:29:34,467 INFO COMBINED/dn fold 0 config 5: OK val_BA=0.958 (0.0 min)
2026-09-26 14:29:34,483 INFO COMBINED/dn fold 0 config 6: OK val_BA=0.742 (0.0 min)
2026-09-26 14:29:34,500 INFO COMBINED/dn fold 0 config 7: OK val_BA=0.825 (0.0 min)
2026-09-26 14:29:34,517 INFO COMBINED/dn fold 0 config 8: OK val_BA=0.958 (0.0 min)
2026-09-26 14:29:34,534 INFO COMBINED/dn fold 0 config 9: OK val_BA=0.500 (0.0 min)
2026-09-26 14:29:34,550 INFO COMBINED/dn fold 0 config 10: OK val_BA=0.908 (0.0 min)
2026-09-26 14:29:34,567 INFO COMBINED/dn fold 0 config 11: OK val_BA=0.783 (0.0 min)
2026-09-26 14:29:34,584 INFO COMBINED/dn fold 0 config 12: OK val_BA=0.958 (0.0 min)
2026-09-26 14:29:34,601 INFO COMBINED/dn fold 0 config 13: OK val_BA=0.708 (0.0 min)
2026-09-26 14:29:34,618 INFO COMBINED/dn fold 0 config 14: OK val_BA=0.500 (0.0 min)
2026-09-26 14:29:34,634 INFO COMBINED/dn fold 0 config 15: OK val_BA=0.808 (0.0 min)
2026-09-26 14:29:34,651 INFO COMBINED/dn fold 0 config 16: OK val_BA=0.917 (0.0 min)
2026-09-26 14:29:34,668 INFO COMBINED/dn fold 0 config 17: OK val_BA=0.958 (0.0 min)
2026-09-26 14:29:34,685 INFO COMBINED/dn fold 0 config 18: OK val_BA=0.608 (0.0 min)
2026-09-26 14:29:34,702 INFO COMBINED/dn fold 0 config 19: OK val_BA=0.500 (0.0 min)
2026-09-26 14:29:34,718 INFO COMBINED/dn fold 0 config 20: OK val_BA=0.808 (0.0 min)
2026-09-26 14:29:34,735 INFO COMBINED/dn fold 0 config 21: OK val_BA=0.958 (0.0 min)
2026-09-26 14:29:34,752 INFO COMBINED/dn fold 0 config 22: OK val_BA=0.808 (0.0 min)
2026-09-26 14:29:34,768 INFO COMBINED/dn fold 0 config 23: OK val_BA=0.608 (0.0 min)
2026-09-26 14:29:34,785 INFO COMBINED/dn fold 0 config 24: OK val_BA=0.500 (0.0 min)
2026-09-26 14:29:34,802 INFO COMBINED/dn fold 0 config 25: OK val_BA=0.808 (0.0 min)
2026-09-26 14:29:34,819 INFO COMBINED/dn fold 0 config 26: OK val_BA=0.908 (0.0 min)
2026-09-26 14:29:34,836 INFO COMBINED/dn fold 0 config 27: OK val_BA=0.858 (0.0 min)
2026-09-26 14:29:34,852 INFO COMBINED/dn fold 0 config 28: OK val_BA=0.608 (0.0 min)
2026-09-26 14:29:34,869 INFO COMBINED/dn fold 0 config 29: OK val_BA=0.500 (0.0 min)
2026-09-26 14:30:12,925 INFO COMBINED/dn fold 1: 84/22 pacientes train/validation, 30 de 30 configuracion(es) por evaluar
2026-09-26 14:30:30,463 INFO COMBINED/dn fold 1 config 0: OK val_BA=0.658 (0.0 min)
2026-09-26 14:30:30,480 INFO COMBINED/dn fold 1 config 1: OK val_BA=0.500 (0.0 min)
2026-09-26 14:30:30,497 INFO COMBINED/dn fold 1 config 2: OK val_BA=0.585 (0.0 min)
2026-09-26 14:30:30,514 INFO COMBINED/dn fold 1 config 3: OK val_BA=0.658 (0.0 min)
2026-09-26 14:30:30,531 INFO COMBINED/dn fold 1 config 4: OK val_BA=0.500 (0.0 min)
2026-09-26 14:30:30,548 INFO COMBINED/dn fold 1 config 5: OK val_BA=0.812 (0.0 min)
2026-09-26 14:30:30,565 INFO COMBINED/dn fold 1 config 6: OK val_BA=0.585 (0.0 min)
2026-09-26 14:30:30,581 INFO COMBINED/dn fold 1 config 7: OK val_BA=0.774 (0.0 min)
2026-09-26 14:30:30,599 INFO COMBINED/dn fold 1 config 8: OK val_BA=0.812 (0.0 min)
2026-09-26 14:30:30,616 INFO COMBINED/dn fold 1 config 9: OK val_BA=0.500 (0.0 min)
2026-09-26 14:30:30,634 INFO COMBINED/dn fold 1 config 10: OK val_BA=0.812 (0.0 min)
2026-09-26 14:30:30,651 INFO COMBINED/dn fold 1 config 11: OK val_BA=0.774 (0.0 min)
2026-09-26 14:30:30,669 INFO COMBINED/dn fold 1 config 12: OK val_BA=0.868 (0.0 min)
2026-09-26 14:30:30,686 INFO COMBINED/dn fold 1 config 13: OK val_BA=0.756 (0.0 min)
2026-09-26 14:30:30,703 INFO COMBINED/dn fold 1 config 14: OK val_BA=0.500 (0.0 min)
2026-09-26 14:30:30,721 INFO COMBINED/dn fold 1 config 15: OK val_BA=0.812 (0.0 min)
2026-09-26 14:30:30,739 INFO COMBINED/dn fold 1 config 16: OK val_BA=0.812 (0.0 min)
2026-09-26 14:30:30,756 INFO COMBINED/dn fold 1 config 17: OK val_BA=0.812 (0.0 min)
2026-09-26 14:30:30,773 INFO COMBINED/dn fold 1 config 18: OK val_BA=0.756 (0.0 min)
2026-09-26 14:30:30,790 INFO COMBINED/dn fold 1 config 19: OK val_BA=0.500 (0.0 min)
2026-09-26 14:30:30,807 INFO COMBINED/dn fold 1 config 20: OK val_BA=0.812 (0.0 min)
2026-09-26 14:30:30,824 INFO COMBINED/dn fold 1 config 21: OK val_BA=0.756 (0.0 min)
2026-09-26 14:30:30,842 INFO COMBINED/dn fold 1 config 22: OK val_BA=0.812 (0.0 min)
2026-09-26 14:30:30,859 INFO COMBINED/dn fold 1 config 23: OK val_BA=0.756 (0.0 min)
2026-09-26 14:30:30,876 INFO COMBINED/dn fold 1 config 24: OK val_BA=0.500 (0.0 min)
2026-09-26 14:30:30,893 INFO COMBINED/dn fold 1 config 25: OK val_BA=0.812 (0.0 min)
2026-09-26 14:30:30,910 INFO COMBINED/dn fold 1 config 26: OK val_BA=0.812 (0.0 min)
2026-09-26 14:30:30,927 INFO COMBINED/dn fold 1 config 27: OK val_BA=0.812 (0.0 min)
2026-09-26 14:30:30,943 INFO COMBINED/dn fold 1 config 28: OK val_BA=0.756 (0.0 min)
2026-09-26 14:30:30,960 INFO COMBINED/dn fold 1 config 29: OK val_BA=0.500 (0.0 min)
2026-09-26 14:31:08,931 INFO COMBINED/dn fold 2: 85/21 pacientes train/validation, 30 de 30 configuracion(es) por evaluar
2026-09-26 14:31:25,042 INFO COMBINED/dn fold 2 config 0: OK val_BA=0.855 (0.0 min)
2026-09-26 14:31:25,060 INFO COMBINED/dn fold 2 config 1: OK val_BA=0.500 (0.0 min)
2026-09-26 14:31:25,077 INFO COMBINED/dn fold 2 config 2: OK val_BA=0.805 (0.0 min)
2026-09-26 14:31:25,095 INFO COMBINED/dn fold 2 config 3: OK val_BA=0.855 (0.0 min)
2026-09-26 14:31:25,112 INFO COMBINED/dn fold 2 config 4: OK val_BA=0.500 (0.0 min)
2026-09-26 14:31:25,129 INFO COMBINED/dn fold 2 config 5: OK val_BA=0.805 (0.0 min)
2026-09-26 14:31:25,147 INFO COMBINED/dn fold 2 config 6: OK val_BA=0.755 (0.0 min)
2026-09-26 14:31:25,164 INFO COMBINED/dn fold 2 config 7: OK val_BA=0.855 (0.0 min)
2026-09-26 14:31:25,182 INFO COMBINED/dn fold 2 config 8: OK val_BA=0.805 (0.0 min)
2026-09-26 14:31:25,199 INFO COMBINED/dn fold 2 config 9: OK val_BA=0.500 (0.0 min)
2026-09-26 14:31:25,218 INFO COMBINED/dn fold 2 config 10: OK val_BA=0.705 (0.0 min)
2026-09-26 14:31:25,236 INFO COMBINED/dn fold 2 config 11: OK val_BA=0.855 (0.0 min)
2026-09-26 14:31:25,253 INFO COMBINED/dn fold 2 config 12: OK val_BA=0.805 (0.0 min)
2026-09-26 14:31:25,271 INFO COMBINED/dn fold 2 config 13: OK val_BA=0.655 (0.0 min)
2026-09-26 14:31:25,289 INFO COMBINED/dn fold 2 config 14: OK val_BA=0.500 (0.0 min)
2026-09-26 14:31:25,307 INFO COMBINED/dn fold 2 config 15: OK val_BA=0.655 (0.0 min)
2026-09-26 14:31:25,324 INFO COMBINED/dn fold 2 config 16: OK val_BA=0.805 (0.0 min)
2026-09-26 14:31:25,342 INFO COMBINED/dn fold 2 config 17: OK val_BA=0.705 (0.0 min)
2026-09-26 14:31:25,360 INFO COMBINED/dn fold 2 config 18: OK val_BA=0.655 (0.0 min)
2026-09-26 14:31:25,377 INFO COMBINED/dn fold 2 config 19: OK val_BA=0.500 (0.0 min)
2026-09-26 14:31:25,395 INFO COMBINED/dn fold 2 config 20: OK val_BA=0.655 (0.0 min)
2026-09-26 14:31:25,413 INFO COMBINED/dn fold 2 config 21: OK val_BA=0.705 (0.0 min)
2026-09-26 14:31:25,430 INFO COMBINED/dn fold 2 config 22: OK val_BA=0.655 (0.0 min)
2026-09-26 14:31:25,447 INFO COMBINED/dn fold 2 config 23: OK val_BA=0.655 (0.0 min)
2026-09-26 14:31:25,464 INFO COMBINED/dn fold 2 config 24: OK val_BA=0.500 (0.0 min)
2026-09-26 14:31:25,481 INFO COMBINED/dn fold 2 config 25: OK val_BA=0.655 (0.0 min)
2026-09-26 14:31:25,498 INFO COMBINED/dn fold 2 config 26: OK val_BA=0.705 (0.0 min)
2026-09-26 14:31:25,516 INFO COMBINED/dn fold 2 config 27: OK val_BA=0.655 (0.0 min)
2026-09-26 14:31:25,533 INFO COMBINED/dn fold 2 config 28: OK val_BA=0.655 (0.0 min)
2026-09-26 14:31:25,550 INFO COMBINED/dn fold 2 config 29: OK val_BA=0.500 (0.0 min)
2026-09-26 14:32:03,400 INFO COMBINED/dn fold 3: 85/21 pacientes train/validation, 30 de 30 configuracion(es) por evaluar
2026-09-26 14:32:20,592 INFO COMBINED/dn fold 3 config 0: OK val_BA=0.773 (0.0 min)
2026-09-26 14:32:20,608 INFO COMBINED/dn fold 3 config 1: OK val_BA=0.500 (0.0 min)
2026-09-26 14:32:20,624 INFO COMBINED/dn fold 3 config 2: OK val_BA=0.723 (0.0 min)
2026-09-26 14:32:20,641 INFO COMBINED/dn fold 3 config 3: OK val_BA=0.773 (0.0 min)
2026-09-26 14:32:20,656 INFO COMBINED/dn fold 3 config 4: OK val_BA=0.500 (0.0 min)
2026-09-26 14:32:20,672 INFO COMBINED/dn fold 3 config 5: OK val_BA=0.955 (0.0 min)
2026-09-26 14:32:20,688 INFO COMBINED/dn fold 3 config 6: OK val_BA=0.723 (0.0 min)
2026-09-26 14:32:20,704 INFO COMBINED/dn fold 3 config 7: OK val_BA=0.909 (0.0 min)
2026-09-26 14:32:20,720 INFO COMBINED/dn fold 3 config 8: OK val_BA=0.955 (0.0 min)
2026-09-26 14:32:20,736 INFO COMBINED/dn fold 3 config 9: OK val_BA=0.500 (0.0 min)
2026-09-26 14:32:20,752 INFO COMBINED/dn fold 3 config 10: OK val_BA=1.000 (0.0 min)
2026-09-26 14:32:20,768 INFO COMBINED/dn fold 3 config 11: OK val_BA=0.909 (0.0 min)
2026-09-26 14:32:20,784 INFO COMBINED/dn fold 3 config 12: OK val_BA=0.955 (0.0 min)
2026-09-26 14:32:20,800 INFO COMBINED/dn fold 3 config 13: OK val_BA=0.950 (0.0 min)
2026-09-26 14:32:20,816 INFO COMBINED/dn fold 3 config 14: OK val_BA=0.500 (0.0 min)
2026-09-26 14:32:20,832 INFO COMBINED/dn fold 3 config 15: OK val_BA=1.000 (0.0 min)
2026-09-26 14:32:20,848 INFO COMBINED/dn fold 3 config 16: OK val_BA=0.909 (0.0 min)
2026-09-26 14:32:20,864 INFO COMBINED/dn fold 3 config 17: OK val_BA=1.000 (0.0 min)
2026-09-26 14:32:20,880 INFO COMBINED/dn fold 3 config 18: OK val_BA=0.950 (0.0 min)
2026-09-26 14:32:20,896 INFO COMBINED/dn fold 3 config 19: OK val_BA=0.500 (0.0 min)
2026-09-26 14:32:20,911 INFO COMBINED/dn fold 3 config 20: OK val_BA=1.000 (0.0 min)
2026-09-26 14:32:20,927 INFO COMBINED/dn fold 3 config 21: OK val_BA=0.909 (0.0 min)
2026-09-26 14:32:20,943 INFO COMBINED/dn fold 3 config 22: OK val_BA=1.000 (0.0 min)
2026-09-26 14:32:20,959 INFO COMBINED/dn fold 3 config 23: OK val_BA=0.950 (0.0 min)
2026-09-26 14:32:20,975 INFO COMBINED/dn fold 3 config 24: OK val_BA=0.500 (0.0 min)
2026-09-26 14:32:20,991 INFO COMBINED/dn fold 3 config 25: OK val_BA=1.000 (0.0 min)
2026-09-26 14:32:21,009 INFO COMBINED/dn fold 3 config 26: OK val_BA=1.000 (0.0 min)
2026-09-26 14:32:21,024 INFO COMBINED/dn fold 3 config 27: OK val_BA=1.000 (0.0 min)
2026-09-26 14:32:21,040 INFO COMBINED/dn fold 3 config 28: OK val_BA=0.950 (0.0 min)
2026-09-26 14:32:21,056 INFO COMBINED/dn fold 3 config 29: OK val_BA=0.500 (0.0 min)
2026-09-26 14:32:59,221 INFO COMBINED/dn fold 4: 86/20 pacientes train/validation, 30 de 30 configuracion(es) por evaluar
2026-09-26 14:33:16,752 INFO COMBINED/dn fold 4 config 0: OK val_BA=0.889 (0.0 min)
2026-09-26 14:33:16,770 INFO COMBINED/dn fold 4 config 1: OK val_BA=0.500 (0.0 min)
2026-09-26 14:33:16,787 INFO COMBINED/dn fold 4 config 2: OK val_BA=0.889 (0.0 min)
2026-09-26 14:33:16,805 INFO COMBINED/dn fold 4 config 3: OK val_BA=0.889 (0.0 min)
2026-09-26 14:33:16,823 INFO COMBINED/dn fold 4 config 4: OK val_BA=0.500 (0.0 min)
2026-09-26 14:33:16,840 INFO COMBINED/dn fold 4 config 5: OK val_BA=1.000 (0.0 min)
2026-09-26 14:33:16,858 INFO COMBINED/dn fold 4 config 6: OK val_BA=0.833 (0.0 min)
2026-09-26 14:33:16,875 INFO COMBINED/dn fold 4 config 7: OK val_BA=0.944 (0.0 min)
2026-09-26 14:33:16,893 INFO COMBINED/dn fold 4 config 8: OK val_BA=0.833 (0.0 min)
2026-09-26 14:33:16,910 INFO COMBINED/dn fold 4 config 9: OK val_BA=0.500 (0.0 min)
2026-09-26 14:33:16,927 INFO COMBINED/dn fold 4 config 10: OK val_BA=0.944 (0.0 min)
2026-09-26 14:33:16,944 INFO COMBINED/dn fold 4 config 11: OK val_BA=0.944 (0.0 min)
2026-09-26 14:33:16,962 INFO COMBINED/dn fold 4 config 12: OK val_BA=0.944 (0.0 min)
2026-09-26 14:33:16,979 INFO COMBINED/dn fold 4 config 13: OK val_BA=0.722 (0.0 min)
2026-09-26 14:33:16,996 INFO COMBINED/dn fold 4 config 14: OK val_BA=0.500 (0.0 min)
2026-09-26 14:33:17,014 INFO COMBINED/dn fold 4 config 15: OK val_BA=0.833 (0.0 min)
2026-09-26 14:33:17,031 INFO COMBINED/dn fold 4 config 16: OK val_BA=0.889 (0.0 min)
2026-09-26 14:33:17,049 INFO COMBINED/dn fold 4 config 17: OK val_BA=0.944 (0.0 min)
2026-09-26 14:33:17,066 INFO COMBINED/dn fold 4 config 18: OK val_BA=0.667 (0.0 min)
2026-09-26 14:33:17,083 INFO COMBINED/dn fold 4 config 19: OK val_BA=0.500 (0.0 min)
2026-09-26 14:33:17,100 INFO COMBINED/dn fold 4 config 20: OK val_BA=0.833 (0.0 min)
2026-09-26 14:33:17,118 INFO COMBINED/dn fold 4 config 21: OK val_BA=0.944 (0.0 min)
2026-09-26 14:33:17,135 INFO COMBINED/dn fold 4 config 22: OK val_BA=0.833 (0.0 min)
2026-09-26 14:33:17,152 INFO COMBINED/dn fold 4 config 23: OK val_BA=0.667 (0.0 min)
2026-09-26 14:33:17,170 INFO COMBINED/dn fold 4 config 24: OK val_BA=0.500 (0.0 min)
2026-09-26 14:33:17,187 INFO COMBINED/dn fold 4 config 25: OK val_BA=0.833 (0.0 min)
2026-09-26 14:33:17,205 INFO COMBINED/dn fold 4 config 26: OK val_BA=0.944 (0.0 min)
2026-09-26 14:33:17,222 INFO COMBINED/dn fold 4 config 27: OK val_BA=0.833 (0.0 min)
2026-09-26 14:33:17,240 INFO COMBINED/dn fold 4 config 28: OK val_BA=0.667 (0.0 min)
2026-09-26 14:33:17,257 INFO COMBINED/dn fold 4 config 29: OK val_BA=0.500 (0.0 min)
2026-09-26 14:33:18,355 INFO COMBINED/dn: configuracion global 5 (decidida por macro_f1_mean), BA folds=0.906±0.091 agrupada=0.905 [COMPLETED]
2026-09-26 14:33:18,366 INFO ejecucion 20260926T192401Z_0d4fdc finalizada con estado COMPLETED
