2026-09-26 14:14:56,102 INFO run_id=20260926T191456Z_eca365 protocolo=holdout_cv_v3 model=svm_rbf dataset=all experiment=all n_jobs=1 smoke_test=False resume=False
2026-09-26 14:14:56,115 INFO preparando ICBHI/no_dn (rama no_dn, 30 configuraciones x folds internos)
2026-09-26 14:15:32,470 INFO ICBHI/no_dn fold 0: 57/15 pacientes train/validation, 30 de 30 configuracion(es) por evaluar
2026-09-26 14:15:46,798 INFO ICBHI/no_dn fold 0 config 0: OK val_BA=1.000 (0.0 min)
2026-09-26 14:15:46,814 INFO ICBHI/no_dn fold 0 config 1: OK val_BA=0.500 (0.0 min)
2026-09-26 14:15:46,830 INFO ICBHI/no_dn fold 0 config 2: OK val_BA=0.950 (0.0 min)
2026-09-26 14:15:46,846 INFO ICBHI/no_dn fold 0 config 3: OK val_BA=1.000 (0.0 min)
2026-09-26 14:15:46,862 INFO ICBHI/no_dn fold 0 config 4: OK val_BA=0.500 (0.0 min)
2026-09-26 14:15:46,878 INFO ICBHI/no_dn fold 0 config 5: OK val_BA=1.000 (0.0 min)
2026-09-26 14:15:46,893 INFO ICBHI/no_dn fold 0 config 6: OK val_BA=0.850 (0.0 min)
2026-09-26 14:15:46,909 INFO ICBHI/no_dn fold 0 config 7: OK val_BA=1.000 (0.0 min)
2026-09-26 14:15:46,925 INFO ICBHI/no_dn fold 0 config 8: OK val_BA=1.000 (0.0 min)
2026-09-26 14:15:46,941 INFO ICBHI/no_dn fold 0 config 9: OK val_BA=0.500 (0.0 min)
2026-09-26 14:15:46,956 INFO ICBHI/no_dn fold 0 config 10: OK val_BA=1.000 (0.0 min)
2026-09-26 14:15:46,972 INFO ICBHI/no_dn fold 0 config 11: OK val_BA=1.000 (0.0 min)
2026-09-26 14:15:46,988 INFO ICBHI/no_dn fold 0 config 12: OK val_BA=1.000 (0.0 min)
2026-09-26 14:15:47,004 INFO ICBHI/no_dn fold 0 config 13: OK val_BA=0.800 (0.0 min)
2026-09-26 14:15:47,019 INFO ICBHI/no_dn fold 0 config 14: OK val_BA=0.500 (0.0 min)
2026-09-26 14:15:47,035 INFO ICBHI/no_dn fold 0 config 15: OK val_BA=0.900 (0.0 min)
2026-09-26 14:15:47,051 INFO ICBHI/no_dn fold 0 config 16: OK val_BA=1.000 (0.0 min)
2026-09-26 14:15:47,066 INFO ICBHI/no_dn fold 0 config 17: OK val_BA=1.000 (0.0 min)
2026-09-26 14:15:47,082 INFO ICBHI/no_dn fold 0 config 18: OK val_BA=0.800 (0.0 min)
2026-09-26 14:15:47,098 INFO ICBHI/no_dn fold 0 config 19: OK val_BA=0.500 (0.0 min)
2026-09-26 14:15:47,114 INFO ICBHI/no_dn fold 0 config 20: OK val_BA=0.900 (0.0 min)
2026-09-26 14:15:47,129 INFO ICBHI/no_dn fold 0 config 21: OK val_BA=1.000 (0.0 min)
2026-09-26 14:15:47,145 INFO ICBHI/no_dn fold 0 config 22: OK val_BA=1.000 (0.0 min)
2026-09-26 14:15:47,161 INFO ICBHI/no_dn fold 0 config 23: OK val_BA=0.800 (0.0 min)
2026-09-26 14:15:47,176 INFO ICBHI/no_dn fold 0 config 24: OK val_BA=0.500 (0.0 min)
2026-09-26 14:15:47,192 INFO ICBHI/no_dn fold 0 config 25: OK val_BA=0.900 (0.0 min)
2026-09-26 14:15:47,208 INFO ICBHI/no_dn fold 0 config 26: OK val_BA=1.000 (0.0 min)
2026-09-26 14:15:47,224 INFO ICBHI/no_dn fold 0 config 27: OK val_BA=0.900 (0.0 min)
2026-09-26 14:15:47,239 INFO ICBHI/no_dn fold 0 config 28: OK val_BA=0.800 (0.0 min)
2026-09-26 14:15:47,255 INFO ICBHI/no_dn fold 0 config 29: OK val_BA=0.500 (0.0 min)
2026-09-26 14:16:23,474 INFO ICBHI/no_dn fold 1: 57/15 pacientes train/validation, 30 de 30 configuracion(es) por evaluar
2026-09-26 14:16:37,674 INFO ICBHI/no_dn fold 1 config 0: OK val_BA=0.875 (0.0 min)
2026-09-26 14:16:37,690 INFO ICBHI/no_dn fold 1 config 1: OK val_BA=0.500 (0.0 min)
2026-09-26 14:16:37,706 INFO ICBHI/no_dn fold 1 config 2: OK val_BA=0.875 (0.0 min)
2026-09-26 14:16:37,721 INFO ICBHI/no_dn fold 1 config 3: OK val_BA=0.830 (0.0 min)
2026-09-26 14:16:37,737 INFO ICBHI/no_dn fold 1 config 4: OK val_BA=0.500 (0.0 min)
2026-09-26 14:16:37,753 INFO ICBHI/no_dn fold 1 config 5: OK val_BA=0.875 (0.0 min)
2026-09-26 14:16:37,768 INFO ICBHI/no_dn fold 1 config 6: OK val_BA=0.784 (0.0 min)
2026-09-26 14:16:37,784 INFO ICBHI/no_dn fold 1 config 7: OK val_BA=0.875 (0.0 min)
2026-09-26 14:16:37,800 INFO ICBHI/no_dn fold 1 config 8: OK val_BA=0.875 (0.0 min)
2026-09-26 14:16:37,815 INFO ICBHI/no_dn fold 1 config 9: OK val_BA=0.500 (0.0 min)
2026-09-26 14:16:37,831 INFO ICBHI/no_dn fold 1 config 10: OK val_BA=0.750 (0.0 min)
2026-09-26 14:16:37,847 INFO ICBHI/no_dn fold 1 config 11: OK val_BA=0.875 (0.0 min)
2026-09-26 14:16:37,863 INFO ICBHI/no_dn fold 1 config 12: OK val_BA=0.875 (0.0 min)
2026-09-26 14:16:37,879 INFO ICBHI/no_dn fold 1 config 13: OK val_BA=0.750 (0.0 min)
2026-09-26 14:16:37,894 INFO ICBHI/no_dn fold 1 config 14: OK val_BA=0.500 (0.0 min)
2026-09-26 14:16:37,910 INFO ICBHI/no_dn fold 1 config 15: OK val_BA=0.750 (0.0 min)
2026-09-26 14:16:37,925 INFO ICBHI/no_dn fold 1 config 16: OK val_BA=0.875 (0.0 min)
2026-09-26 14:16:37,941 INFO ICBHI/no_dn fold 1 config 17: OK val_BA=0.750 (0.0 min)
2026-09-26 14:16:37,957 INFO ICBHI/no_dn fold 1 config 18: OK val_BA=0.625 (0.0 min)
2026-09-26 14:16:37,973 INFO ICBHI/no_dn fold 1 config 19: OK val_BA=0.500 (0.0 min)
2026-09-26 14:16:37,988 INFO ICBHI/no_dn fold 1 config 20: OK val_BA=0.750 (0.0 min)
2026-09-26 14:16:38,004 INFO ICBHI/no_dn fold 1 config 21: OK val_BA=0.750 (0.0 min)
2026-09-26 14:16:38,020 INFO ICBHI/no_dn fold 1 config 22: OK val_BA=0.750 (0.0 min)
2026-09-26 14:16:38,035 INFO ICBHI/no_dn fold 1 config 23: OK val_BA=0.625 (0.0 min)
2026-09-26 14:16:38,051 INFO ICBHI/no_dn fold 1 config 24: OK val_BA=0.500 (0.0 min)
2026-09-26 14:16:38,067 INFO ICBHI/no_dn fold 1 config 25: OK val_BA=0.750 (0.0 min)
2026-09-26 14:16:38,083 INFO ICBHI/no_dn fold 1 config 26: OK val_BA=0.750 (0.0 min)
2026-09-26 14:16:38,098 INFO ICBHI/no_dn fold 1 config 27: OK val_BA=0.750 (0.0 min)
2026-09-26 14:16:38,114 INFO ICBHI/no_dn fold 1 config 28: OK val_BA=0.625 (0.0 min)
2026-09-26 14:16:38,130 INFO ICBHI/no_dn fold 1 config 29: OK val_BA=0.500 (0.0 min)
2026-09-26 14:17:14,088 INFO ICBHI/no_dn fold 2: 58/14 pacientes train/validation, 30 de 30 configuracion(es) por evaluar
2026-09-26 14:17:28,803 INFO ICBHI/no_dn fold 2 config 0: OK val_BA=0.875 (0.0 min)
2026-09-26 14:17:28,820 INFO ICBHI/no_dn fold 2 config 1: OK val_BA=0.500 (0.0 min)
2026-09-26 14:17:28,836 INFO ICBHI/no_dn fold 2 config 2: OK val_BA=0.875 (0.0 min)
2026-09-26 14:17:28,852 INFO ICBHI/no_dn fold 2 config 3: OK val_BA=0.875 (0.0 min)
2026-09-26 14:17:28,868 INFO ICBHI/no_dn fold 2 config 4: OK val_BA=0.500 (0.0 min)
2026-09-26 14:17:28,885 INFO ICBHI/no_dn fold 2 config 5: OK val_BA=0.750 (0.0 min)
2026-09-26 14:17:28,901 INFO ICBHI/no_dn fold 2 config 6: OK val_BA=0.750 (0.0 min)
2026-09-26 14:17:28,917 INFO ICBHI/no_dn fold 2 config 7: OK val_BA=0.875 (0.0 min)
2026-09-26 14:17:28,934 INFO ICBHI/no_dn fold 2 config 8: OK val_BA=0.750 (0.0 min)
2026-09-26 14:17:28,950 INFO ICBHI/no_dn fold 2 config 9: OK val_BA=0.500 (0.0 min)
2026-09-26 14:17:28,966 INFO ICBHI/no_dn fold 2 config 10: OK val_BA=0.750 (0.0 min)
2026-09-26 14:17:28,982 INFO ICBHI/no_dn fold 2 config 11: OK val_BA=0.875 (0.0 min)
2026-09-26 14:17:28,999 INFO ICBHI/no_dn fold 2 config 12: OK val_BA=0.750 (0.0 min)
2026-09-26 14:17:29,015 INFO ICBHI/no_dn fold 2 config 13: OK val_BA=0.750 (0.0 min)
2026-09-26 14:17:29,031 INFO ICBHI/no_dn fold 2 config 14: OK val_BA=0.500 (0.0 min)
2026-09-26 14:17:29,047 INFO ICBHI/no_dn fold 2 config 15: OK val_BA=0.750 (0.0 min)
2026-09-26 14:17:29,064 INFO ICBHI/no_dn fold 2 config 16: OK val_BA=0.875 (0.0 min)
2026-09-26 14:17:29,080 INFO ICBHI/no_dn fold 2 config 17: OK val_BA=0.750 (0.0 min)
2026-09-26 14:17:29,096 INFO ICBHI/no_dn fold 2 config 18: OK val_BA=0.750 (0.0 min)
2026-09-26 14:17:29,112 INFO ICBHI/no_dn fold 2 config 19: OK val_BA=0.500 (0.0 min)
2026-09-26 14:17:29,129 INFO ICBHI/no_dn fold 2 config 20: OK val_BA=0.750 (0.0 min)
2026-09-26 14:17:29,145 INFO ICBHI/no_dn fold 2 config 21: OK val_BA=0.750 (0.0 min)
2026-09-26 14:17:29,161 INFO ICBHI/no_dn fold 2 config 22: OK val_BA=0.750 (0.0 min)
2026-09-26 14:17:29,177 INFO ICBHI/no_dn fold 2 config 23: OK val_BA=0.750 (0.0 min)
2026-09-26 14:17:29,194 INFO ICBHI/no_dn fold 2 config 24: OK val_BA=0.500 (0.0 min)
2026-09-26 14:17:29,210 INFO ICBHI/no_dn fold 2 config 25: OK val_BA=0.750 (0.0 min)
2026-09-26 14:17:29,226 INFO ICBHI/no_dn fold 2 config 26: OK val_BA=0.750 (0.0 min)
2026-09-26 14:17:29,242 INFO ICBHI/no_dn fold 2 config 27: OK val_BA=0.750 (0.0 min)
2026-09-26 14:17:29,259 INFO ICBHI/no_dn fold 2 config 28: OK val_BA=0.750 (0.0 min)
2026-09-26 14:17:29,275 INFO ICBHI/no_dn fold 2 config 29: OK val_BA=0.500 (0.0 min)
2026-09-26 14:18:05,419 INFO ICBHI/no_dn fold 3: 58/14 pacientes train/validation, 30 de 30 configuracion(es) por evaluar
2026-09-26 14:18:21,690 INFO ICBHI/no_dn fold 3 config 0: OK val_BA=0.775 (0.0 min)
2026-09-26 14:18:21,705 INFO ICBHI/no_dn fold 3 config 1: OK val_BA=0.500 (0.0 min)
2026-09-26 14:18:21,720 INFO ICBHI/no_dn fold 3 config 2: OK val_BA=0.900 (0.0 min)
2026-09-26 14:18:21,735 INFO ICBHI/no_dn fold 3 config 3: OK val_BA=0.900 (0.0 min)
2026-09-26 14:18:21,750 INFO ICBHI/no_dn fold 3 config 4: OK val_BA=0.500 (0.0 min)
2026-09-26 14:18:21,765 INFO ICBHI/no_dn fold 3 config 5: OK val_BA=0.950 (0.0 min)
2026-09-26 14:18:21,780 INFO ICBHI/no_dn fold 3 config 6: OK val_BA=0.850 (0.0 min)
2026-09-26 14:18:21,795 INFO ICBHI/no_dn fold 3 config 7: OK val_BA=0.900 (0.0 min)
2026-09-26 14:18:21,810 INFO ICBHI/no_dn fold 3 config 8: OK val_BA=0.875 (0.0 min)
2026-09-26 14:18:21,825 INFO ICBHI/no_dn fold 3 config 9: OK val_BA=0.500 (0.0 min)
2026-09-26 14:18:21,840 INFO ICBHI/no_dn fold 3 config 10: OK val_BA=1.000 (0.0 min)
2026-09-26 14:18:21,854 INFO ICBHI/no_dn fold 3 config 11: OK val_BA=0.900 (0.0 min)
2026-09-26 14:18:21,869 INFO ICBHI/no_dn fold 3 config 12: OK val_BA=0.950 (0.0 min)
2026-09-26 14:18:21,884 INFO ICBHI/no_dn fold 3 config 13: OK val_BA=0.875 (0.0 min)
2026-09-26 14:18:21,899 INFO ICBHI/no_dn fold 3 config 14: OK val_BA=0.500 (0.0 min)
2026-09-26 14:18:21,914 INFO ICBHI/no_dn fold 3 config 15: OK val_BA=1.000 (0.0 min)
2026-09-26 14:18:21,929 INFO ICBHI/no_dn fold 3 config 16: OK val_BA=0.900 (0.0 min)
2026-09-26 14:18:21,944 INFO ICBHI/no_dn fold 3 config 17: OK val_BA=1.000 (0.0 min)
2026-09-26 14:18:21,959 INFO ICBHI/no_dn fold 3 config 18: OK val_BA=0.875 (0.0 min)
2026-09-26 14:18:21,973 INFO ICBHI/no_dn fold 3 config 19: OK val_BA=0.500 (0.0 min)
2026-09-26 14:18:21,988 INFO ICBHI/no_dn fold 3 config 20: OK val_BA=1.000 (0.0 min)
2026-09-26 14:18:22,003 INFO ICBHI/no_dn fold 3 config 21: OK val_BA=0.900 (0.0 min)
2026-09-26 14:18:22,018 INFO ICBHI/no_dn fold 3 config 22: OK val_BA=1.000 (0.0 min)
2026-09-26 14:18:22,033 INFO ICBHI/no_dn fold 3 config 23: OK val_BA=0.875 (0.0 min)
2026-09-26 14:18:22,048 INFO ICBHI/no_dn fold 3 config 24: OK val_BA=0.500 (0.0 min)
2026-09-26 14:18:22,063 INFO ICBHI/no_dn fold 3 config 25: OK val_BA=1.000 (0.0 min)
2026-09-26 14:18:22,078 INFO ICBHI/no_dn fold 3 config 26: OK val_BA=1.000 (0.0 min)
2026-09-26 14:18:22,093 INFO ICBHI/no_dn fold 3 config 27: OK val_BA=1.000 (0.0 min)
2026-09-26 14:18:22,107 INFO ICBHI/no_dn fold 3 config 28: OK val_BA=0.875 (0.0 min)
2026-09-26 14:18:22,122 INFO ICBHI/no_dn fold 3 config 29: OK val_BA=0.500 (0.0 min)
2026-09-26 14:18:58,312 INFO ICBHI/no_dn fold 4: 58/14 pacientes train/validation, 30 de 30 configuracion(es) por evaluar
2026-09-26 14:19:14,379 INFO ICBHI/no_dn fold 4 config 0: OK val_BA=1.000 (0.0 min)
2026-09-26 14:19:14,396 INFO ICBHI/no_dn fold 4 config 1: OK val_BA=0.500 (0.0 min)
2026-09-26 14:19:14,413 INFO ICBHI/no_dn fold 4 config 2: OK val_BA=1.000 (0.0 min)
2026-09-26 14:19:14,430 INFO ICBHI/no_dn fold 4 config 3: OK val_BA=1.000 (0.0 min)
2026-09-26 14:19:14,446 INFO ICBHI/no_dn fold 4 config 4: OK val_BA=0.500 (0.0 min)
2026-09-26 14:19:14,463 INFO ICBHI/no_dn fold 4 config 5: OK val_BA=1.000 (0.0 min)
2026-09-26 14:19:14,479 INFO ICBHI/no_dn fold 4 config 6: OK val_BA=1.000 (0.0 min)
2026-09-26 14:19:14,496 INFO ICBHI/no_dn fold 4 config 7: OK val_BA=1.000 (0.0 min)
2026-09-26 14:19:14,512 INFO ICBHI/no_dn fold 4 config 8: OK val_BA=0.875 (0.0 min)
2026-09-26 14:19:14,529 INFO ICBHI/no_dn fold 4 config 9: OK val_BA=0.500 (0.0 min)
2026-09-26 14:19:14,545 INFO ICBHI/no_dn fold 4 config 10: OK val_BA=1.000 (0.0 min)
2026-09-26 14:19:14,562 INFO ICBHI/no_dn fold 4 config 11: OK val_BA=1.000 (0.0 min)
2026-09-26 14:19:14,579 INFO ICBHI/no_dn fold 4 config 12: OK val_BA=1.000 (0.0 min)
2026-09-26 14:19:14,595 INFO ICBHI/no_dn fold 4 config 13: OK val_BA=0.750 (0.0 min)
2026-09-26 14:19:14,612 INFO ICBHI/no_dn fold 4 config 14: OK val_BA=0.500 (0.0 min)
2026-09-26 14:19:14,629 INFO ICBHI/no_dn fold 4 config 15: OK val_BA=1.000 (0.0 min)
2026-09-26 14:19:14,645 INFO ICBHI/no_dn fold 4 config 16: OK val_BA=1.000 (0.0 min)
2026-09-26 14:19:14,662 INFO ICBHI/no_dn fold 4 config 17: OK val_BA=1.000 (0.0 min)
2026-09-26 14:19:14,678 INFO ICBHI/no_dn fold 4 config 18: OK val_BA=0.750 (0.0 min)
2026-09-26 14:19:14,695 INFO ICBHI/no_dn fold 4 config 19: OK val_BA=0.500 (0.0 min)
2026-09-26 14:19:14,712 INFO ICBHI/no_dn fold 4 config 20: OK val_BA=1.000 (0.0 min)
2026-09-26 14:19:14,729 INFO ICBHI/no_dn fold 4 config 21: OK val_BA=1.000 (0.0 min)
2026-09-26 14:19:14,746 INFO ICBHI/no_dn fold 4 config 22: OK val_BA=1.000 (0.0 min)
2026-09-26 14:19:14,763 INFO ICBHI/no_dn fold 4 config 23: OK val_BA=0.625 (0.0 min)
2026-09-26 14:19:14,779 INFO ICBHI/no_dn fold 4 config 24: OK val_BA=0.500 (0.0 min)
2026-09-26 14:19:14,796 INFO ICBHI/no_dn fold 4 config 25: OK val_BA=1.000 (0.0 min)
2026-09-26 14:19:14,813 INFO ICBHI/no_dn fold 4 config 26: OK val_BA=1.000 (0.0 min)
2026-09-26 14:19:14,829 INFO ICBHI/no_dn fold 4 config 27: OK val_BA=0.875 (0.0 min)
2026-09-26 14:19:14,846 INFO ICBHI/no_dn fold 4 config 28: OK val_BA=0.625 (0.0 min)
2026-09-26 14:19:14,863 INFO ICBHI/no_dn fold 4 config 29: OK val_BA=0.500 (0.0 min)
2026-09-26 14:19:16,064 INFO ICBHI/no_dn: configuracion global 7 (decidida por config_order), BA folds=0.930±0.065 agrupada=0.933 [COMPLETED]
2026-09-26 14:19:16,073 INFO preparando ICBHI/dn (rama dn, 30 configuraciones x folds internos)
2026-09-26 14:19:52,602 INFO ICBHI/dn fold 0: 57/15 pacientes train/validation, 30 de 30 configuracion(es) por evaluar
2026-09-26 14:20:07,150 INFO ICBHI/dn fold 0 config 0: OK val_BA=1.000 (0.0 min)
2026-09-26 14:20:07,166 INFO ICBHI/dn fold 0 config 1: OK val_BA=0.500 (0.0 min)
2026-09-26 14:20:07,183 INFO ICBHI/dn fold 0 config 2: OK val_BA=1.000 (0.0 min)
2026-09-26 14:20:07,199 INFO ICBHI/dn fold 0 config 3: OK val_BA=1.000 (0.0 min)
2026-09-26 14:20:07,216 INFO ICBHI/dn fold 0 config 4: OK val_BA=0.500 (0.0 min)
2026-09-26 14:20:07,232 INFO ICBHI/dn fold 0 config 5: OK val_BA=1.000 (0.0 min)
2026-09-26 14:20:07,248 INFO ICBHI/dn fold 0 config 6: OK val_BA=0.900 (0.0 min)
2026-09-26 14:20:07,265 INFO ICBHI/dn fold 0 config 7: OK val_BA=1.000 (0.0 min)
2026-09-26 14:20:07,281 INFO ICBHI/dn fold 0 config 8: OK val_BA=0.900 (0.0 min)
2026-09-26 14:20:07,298 INFO ICBHI/dn fold 0 config 9: OK val_BA=0.500 (0.0 min)
2026-09-26 14:20:07,314 INFO ICBHI/dn fold 0 config 10: OK val_BA=1.000 (0.0 min)
2026-09-26 14:20:07,330 INFO ICBHI/dn fold 0 config 11: OK val_BA=1.000 (0.0 min)
2026-09-26 14:20:07,346 INFO ICBHI/dn fold 0 config 12: OK val_BA=1.000 (0.0 min)
2026-09-26 14:20:07,362 INFO ICBHI/dn fold 0 config 13: OK val_BA=0.700 (0.0 min)
2026-09-26 14:20:07,379 INFO ICBHI/dn fold 0 config 14: OK val_BA=0.500 (0.0 min)
2026-09-26 14:20:07,395 INFO ICBHI/dn fold 0 config 15: OK val_BA=0.800 (0.0 min)
2026-09-26 14:20:07,412 INFO ICBHI/dn fold 0 config 16: OK val_BA=1.000 (0.0 min)
2026-09-26 14:20:07,428 INFO ICBHI/dn fold 0 config 17: OK val_BA=1.000 (0.0 min)
2026-09-26 14:20:07,445 INFO ICBHI/dn fold 0 config 18: OK val_BA=0.600 (0.0 min)
2026-09-26 14:20:07,461 INFO ICBHI/dn fold 0 config 19: OK val_BA=0.500 (0.0 min)
2026-09-26 14:20:07,477 INFO ICBHI/dn fold 0 config 20: OK val_BA=0.800 (0.0 min)
2026-09-26 14:20:07,494 INFO ICBHI/dn fold 0 config 21: OK val_BA=1.000 (0.0 min)
2026-09-26 14:20:07,510 INFO ICBHI/dn fold 0 config 22: OK val_BA=0.900 (0.0 min)
2026-09-26 14:20:07,526 INFO ICBHI/dn fold 0 config 23: OK val_BA=0.600 (0.0 min)
2026-09-26 14:20:07,543 INFO ICBHI/dn fold 0 config 24: OK val_BA=0.500 (0.0 min)
2026-09-26 14:20:07,559 INFO ICBHI/dn fold 0 config 25: OK val_BA=0.800 (0.0 min)
2026-09-26 14:20:07,575 INFO ICBHI/dn fold 0 config 26: OK val_BA=0.900 (0.0 min)
2026-09-26 14:20:07,591 INFO ICBHI/dn fold 0 config 27: OK val_BA=0.900 (0.0 min)
2026-09-26 14:20:07,607 INFO ICBHI/dn fold 0 config 28: OK val_BA=0.600 (0.0 min)
2026-09-26 14:20:07,624 INFO ICBHI/dn fold 0 config 29: OK val_BA=0.500 (0.0 min)
2026-09-26 14:20:44,184 INFO ICBHI/dn fold 1: 57/15 pacientes train/validation, 30 de 30 configuracion(es) por evaluar
2026-09-26 14:20:58,393 INFO ICBHI/dn fold 1 config 0: OK val_BA=0.875 (0.0 min)
2026-09-26 14:20:58,409 INFO ICBHI/dn fold 1 config 1: OK val_BA=0.500 (0.0 min)
2026-09-26 14:20:58,426 INFO ICBHI/dn fold 1 config 2: OK val_BA=0.830 (0.0 min)
2026-09-26 14:20:58,442 INFO ICBHI/dn fold 1 config 3: OK val_BA=0.875 (0.0 min)
2026-09-26 14:20:58,458 INFO ICBHI/dn fold 1 config 4: OK val_BA=0.500 (0.0 min)
2026-09-26 14:20:58,475 INFO ICBHI/dn fold 1 config 5: OK val_BA=0.875 (0.0 min)
2026-09-26 14:20:58,491 INFO ICBHI/dn fold 1 config 6: OK val_BA=0.830 (0.0 min)
2026-09-26 14:20:58,507 INFO ICBHI/dn fold 1 config 7: OK val_BA=0.875 (0.0 min)
2026-09-26 14:20:58,523 INFO ICBHI/dn fold 1 config 8: OK val_BA=0.750 (0.0 min)
2026-09-26 14:20:58,540 INFO ICBHI/dn fold 1 config 9: OK val_BA=0.500 (0.0 min)
2026-09-26 14:20:58,556 INFO ICBHI/dn fold 1 config 10: OK val_BA=0.750 (0.0 min)
2026-09-26 14:20:58,572 INFO ICBHI/dn fold 1 config 11: OK val_BA=0.875 (0.0 min)
2026-09-26 14:20:58,588 INFO ICBHI/dn fold 1 config 12: OK val_BA=0.875 (0.0 min)
2026-09-26 14:20:58,605 INFO ICBHI/dn fold 1 config 13: OK val_BA=0.500 (0.0 min)
2026-09-26 14:20:58,621 INFO ICBHI/dn fold 1 config 14: OK val_BA=0.500 (0.0 min)
2026-09-26 14:20:58,637 INFO ICBHI/dn fold 1 config 15: OK val_BA=0.750 (0.0 min)
2026-09-26 14:20:58,653 INFO ICBHI/dn fold 1 config 16: OK val_BA=0.875 (0.0 min)
2026-09-26 14:20:58,669 INFO ICBHI/dn fold 1 config 17: OK val_BA=0.750 (0.0 min)
2026-09-26 14:20:58,686 INFO ICBHI/dn fold 1 config 18: OK val_BA=0.500 (0.0 min)
2026-09-26 14:20:58,702 INFO ICBHI/dn fold 1 config 19: OK val_BA=0.500 (0.0 min)
2026-09-26 14:20:58,718 INFO ICBHI/dn fold 1 config 20: OK val_BA=0.750 (0.0 min)
2026-09-26 14:20:58,734 INFO ICBHI/dn fold 1 config 21: OK val_BA=0.750 (0.0 min)
2026-09-26 14:20:58,751 INFO ICBHI/dn fold 1 config 22: OK val_BA=0.750 (0.0 min)
2026-09-26 14:20:58,767 INFO ICBHI/dn fold 1 config 23: OK val_BA=0.500 (0.0 min)
2026-09-26 14:20:58,783 INFO ICBHI/dn fold 1 config 24: OK val_BA=0.500 (0.0 min)
2026-09-26 14:20:58,799 INFO ICBHI/dn fold 1 config 25: OK val_BA=0.750 (0.0 min)
2026-09-26 14:20:58,816 INFO ICBHI/dn fold 1 config 26: OK val_BA=0.750 (0.0 min)
2026-09-26 14:20:58,832 INFO ICBHI/dn fold 1 config 27: OK val_BA=0.750 (0.0 min)
2026-09-26 14:20:58,848 INFO ICBHI/dn fold 1 config 28: OK val_BA=0.500 (0.0 min)
2026-09-26 14:20:58,864 INFO ICBHI/dn fold 1 config 29: OK val_BA=0.500 (0.0 min)
2026-09-26 14:21:35,456 INFO ICBHI/dn fold 2: 58/14 pacientes train/validation, 30 de 30 configuracion(es) por evaluar
2026-09-26 14:21:49,463 INFO ICBHI/dn fold 2 config 0: OK val_BA=0.875 (0.0 min)
2026-09-26 14:21:49,480 INFO ICBHI/dn fold 2 config 1: OK val_BA=0.500 (0.0 min)
2026-09-26 14:21:49,497 INFO ICBHI/dn fold 2 config 2: OK val_BA=0.875 (0.0 min)
2026-09-26 14:21:49,514 INFO ICBHI/dn fold 2 config 3: OK val_BA=0.875 (0.0 min)
2026-09-26 14:21:49,530 INFO ICBHI/dn fold 2 config 4: OK val_BA=0.500 (0.0 min)
2026-09-26 14:21:49,547 INFO ICBHI/dn fold 2 config 5: OK val_BA=0.750 (0.0 min)
2026-09-26 14:21:49,564 INFO ICBHI/dn fold 2 config 6: OK val_BA=0.875 (0.0 min)
2026-09-26 14:21:49,580 INFO ICBHI/dn fold 2 config 7: OK val_BA=0.875 (0.0 min)
2026-09-26 14:21:49,597 INFO ICBHI/dn fold 2 config 8: OK val_BA=0.750 (0.0 min)
2026-09-26 14:21:49,614 INFO ICBHI/dn fold 2 config 9: OK val_BA=0.500 (0.0 min)
2026-09-26 14:21:49,630 INFO ICBHI/dn fold 2 config 10: OK val_BA=0.750 (0.0 min)
2026-09-26 14:21:49,647 INFO ICBHI/dn fold 2 config 11: OK val_BA=0.875 (0.0 min)
2026-09-26 14:21:49,664 INFO ICBHI/dn fold 2 config 12: OK val_BA=0.750 (0.0 min)
2026-09-26 14:21:49,681 INFO ICBHI/dn fold 2 config 13: OK val_BA=0.750 (0.0 min)
2026-09-26 14:21:49,698 INFO ICBHI/dn fold 2 config 14: OK val_BA=0.500 (0.0 min)
2026-09-26 14:21:49,714 INFO ICBHI/dn fold 2 config 15: OK val_BA=0.750 (0.0 min)
2026-09-26 14:21:49,731 INFO ICBHI/dn fold 2 config 16: OK val_BA=0.875 (0.0 min)
2026-09-26 14:21:49,748 INFO ICBHI/dn fold 2 config 17: OK val_BA=0.750 (0.0 min)
2026-09-26 14:21:49,764 INFO ICBHI/dn fold 2 config 18: OK val_BA=0.750 (0.0 min)
2026-09-26 14:21:49,781 INFO ICBHI/dn fold 2 config 19: OK val_BA=0.500 (0.0 min)
2026-09-26 14:21:49,798 INFO ICBHI/dn fold 2 config 20: OK val_BA=0.750 (0.0 min)
2026-09-26 14:21:49,816 INFO ICBHI/dn fold 2 config 21: OK val_BA=0.750 (0.0 min)
2026-09-26 14:21:49,832 INFO ICBHI/dn fold 2 config 22: OK val_BA=0.750 (0.0 min)
2026-09-26 14:21:49,849 INFO ICBHI/dn fold 2 config 23: OK val_BA=0.750 (0.0 min)
2026-09-26 14:21:49,866 INFO ICBHI/dn fold 2 config 24: OK val_BA=0.500 (0.0 min)
2026-09-26 14:21:49,882 INFO ICBHI/dn fold 2 config 25: OK val_BA=0.750 (0.0 min)
2026-09-26 14:21:49,899 INFO ICBHI/dn fold 2 config 26: OK val_BA=0.750 (0.0 min)
2026-09-26 14:21:49,916 INFO ICBHI/dn fold 2 config 27: OK val_BA=0.750 (0.0 min)
2026-09-26 14:21:49,933 INFO ICBHI/dn fold 2 config 28: OK val_BA=0.750 (0.0 min)
2026-09-26 14:21:49,949 INFO ICBHI/dn fold 2 config 29: OK val_BA=0.500 (0.0 min)
2026-09-26 14:22:26,711 INFO ICBHI/dn fold 3: 58/14 pacientes train/validation, 30 de 30 configuracion(es) por evaluar
2026-09-26 14:22:42,221 INFO ICBHI/dn fold 3 config 0: OK val_BA=0.825 (0.0 min)
2026-09-26 14:22:42,237 INFO ICBHI/dn fold 3 config 1: OK val_BA=0.500 (0.0 min)
2026-09-26 14:22:42,252 INFO ICBHI/dn fold 3 config 2: OK val_BA=0.825 (0.0 min)
2026-09-26 14:22:42,268 INFO ICBHI/dn fold 3 config 3: OK val_BA=0.775 (0.0 min)
2026-09-26 14:22:42,284 INFO ICBHI/dn fold 3 config 4: OK val_BA=0.500 (0.0 min)
2026-09-26 14:22:42,299 INFO ICBHI/dn fold 3 config 5: OK val_BA=0.825 (0.0 min)
2026-09-26 14:22:42,315 INFO ICBHI/dn fold 3 config 6: OK val_BA=0.850 (0.0 min)
2026-09-26 14:22:42,330 INFO ICBHI/dn fold 3 config 7: OK val_BA=0.950 (0.0 min)
2026-09-26 14:22:42,346 INFO ICBHI/dn fold 3 config 8: OK val_BA=0.875 (0.0 min)
2026-09-26 14:22:42,361 INFO ICBHI/dn fold 3 config 9: OK val_BA=0.500 (0.0 min)
2026-09-26 14:22:42,376 INFO ICBHI/dn fold 3 config 10: OK val_BA=0.875 (0.0 min)
2026-09-26 14:22:42,392 INFO ICBHI/dn fold 3 config 11: OK val_BA=0.900 (0.0 min)
2026-09-26 14:22:42,407 INFO ICBHI/dn fold 3 config 12: OK val_BA=0.950 (0.0 min)
2026-09-26 14:22:42,423 INFO ICBHI/dn fold 3 config 13: OK val_BA=0.875 (0.0 min)
2026-09-26 14:22:42,439 INFO ICBHI/dn fold 3 config 14: OK val_BA=0.500 (0.0 min)
2026-09-26 14:22:42,454 INFO ICBHI/dn fold 3 config 15: OK val_BA=1.000 (0.0 min)
2026-09-26 14:22:42,470 INFO ICBHI/dn fold 3 config 16: OK val_BA=0.900 (0.0 min)
2026-09-26 14:22:42,485 INFO ICBHI/dn fold 3 config 17: OK val_BA=1.000 (0.0 min)
2026-09-26 14:22:42,500 INFO ICBHI/dn fold 3 config 18: OK val_BA=0.875 (0.0 min)
2026-09-26 14:22:42,516 INFO ICBHI/dn fold 3 config 19: OK val_BA=0.500 (0.0 min)
2026-09-26 14:22:42,531 INFO ICBHI/dn fold 3 config 20: OK val_BA=1.000 (0.0 min)
2026-09-26 14:22:42,547 INFO ICBHI/dn fold 3 config 21: OK val_BA=0.950 (0.0 min)
2026-09-26 14:22:42,562 INFO ICBHI/dn fold 3 config 22: OK val_BA=1.000 (0.0 min)
2026-09-26 14:22:42,578 INFO ICBHI/dn fold 3 config 23: OK val_BA=0.875 (0.0 min)
2026-09-26 14:22:42,593 INFO ICBHI/dn fold 3 config 24: OK val_BA=0.500 (0.0 min)
2026-09-26 14:22:42,609 INFO ICBHI/dn fold 3 config 25: OK val_BA=1.000 (0.0 min)
2026-09-26 14:22:42,624 INFO ICBHI/dn fold 3 config 26: OK val_BA=1.000 (0.0 min)
2026-09-26 14:22:42,640 INFO ICBHI/dn fold 3 config 27: OK val_BA=1.000 (0.0 min)
2026-09-26 14:22:42,655 INFO ICBHI/dn fold 3 config 28: OK val_BA=0.875 (0.0 min)
2026-09-26 14:22:42,671 INFO ICBHI/dn fold 3 config 29: OK val_BA=0.500 (0.0 min)
2026-09-26 14:23:19,458 INFO ICBHI/dn fold 4: 58/14 pacientes train/validation, 30 de 30 configuracion(es) por evaluar
2026-09-26 14:23:34,342 INFO ICBHI/dn fold 4 config 0: OK val_BA=1.000 (0.0 min)
2026-09-26 14:23:34,359 INFO ICBHI/dn fold 4 config 1: OK val_BA=0.500 (0.0 min)
2026-09-26 14:23:34,376 INFO ICBHI/dn fold 4 config 2: OK val_BA=1.000 (0.0 min)
2026-09-26 14:23:34,393 INFO ICBHI/dn fold 4 config 3: OK val_BA=0.875 (0.0 min)
2026-09-26 14:23:34,411 INFO ICBHI/dn fold 4 config 4: OK val_BA=0.500 (0.0 min)
2026-09-26 14:23:34,428 INFO ICBHI/dn fold 4 config 5: OK val_BA=1.000 (0.0 min)
2026-09-26 14:23:34,445 INFO ICBHI/dn fold 4 config 6: OK val_BA=1.000 (0.0 min)
2026-09-26 14:23:34,462 INFO ICBHI/dn fold 4 config 7: OK val_BA=1.000 (0.0 min)
2026-09-26 14:23:34,478 INFO ICBHI/dn fold 4 config 8: OK val_BA=0.750 (0.0 min)
2026-09-26 14:23:34,495 INFO ICBHI/dn fold 4 config 9: OK val_BA=0.500 (0.0 min)
2026-09-26 14:23:34,512 INFO ICBHI/dn fold 4 config 10: OK val_BA=1.000 (0.0 min)
2026-09-26 14:23:34,529 INFO ICBHI/dn fold 4 config 11: OK val_BA=1.000 (0.0 min)
2026-09-26 14:23:34,546 INFO ICBHI/dn fold 4 config 12: OK val_BA=1.000 (0.0 min)
2026-09-26 14:23:34,563 INFO ICBHI/dn fold 4 config 13: OK val_BA=0.625 (0.0 min)
2026-09-26 14:23:34,580 INFO ICBHI/dn fold 4 config 14: OK val_BA=0.500 (0.0 min)
2026-09-26 14:23:34,597 INFO ICBHI/dn fold 4 config 15: OK val_BA=0.750 (0.0 min)
2026-09-26 14:23:34,614 INFO ICBHI/dn fold 4 config 16: OK val_BA=1.000 (0.0 min)
2026-09-26 14:23:34,630 INFO ICBHI/dn fold 4 config 17: OK val_BA=1.000 (0.0 min)
2026-09-26 14:23:34,647 INFO ICBHI/dn fold 4 config 18: OK val_BA=0.625 (0.0 min)
2026-09-26 14:23:34,664 INFO ICBHI/dn fold 4 config 19: OK val_BA=0.500 (0.0 min)
2026-09-26 14:23:34,681 INFO ICBHI/dn fold 4 config 20: OK val_BA=0.750 (0.0 min)
2026-09-26 14:23:34,698 INFO ICBHI/dn fold 4 config 21: OK val_BA=1.000 (0.0 min)
2026-09-26 14:23:34,715 INFO ICBHI/dn fold 4 config 22: OK val_BA=0.875 (0.0 min)
2026-09-26 14:23:34,732 INFO ICBHI/dn fold 4 config 23: OK val_BA=0.625 (0.0 min)
2026-09-26 14:23:34,749 INFO ICBHI/dn fold 4 config 24: OK val_BA=0.500 (0.0 min)
2026-09-26 14:23:34,766 INFO ICBHI/dn fold 4 config 25: OK val_BA=0.750 (0.0 min)
2026-09-26 14:23:34,783 INFO ICBHI/dn fold 4 config 26: OK val_BA=1.000 (0.0 min)
2026-09-26 14:23:34,800 INFO ICBHI/dn fold 4 config 27: OK val_BA=0.875 (0.0 min)
2026-09-26 14:23:34,817 INFO ICBHI/dn fold 4 config 28: OK val_BA=0.625 (0.0 min)
2026-09-26 14:23:34,834 INFO ICBHI/dn fold 4 config 29: OK val_BA=0.500 (0.0 min)
2026-09-26 14:23:35,926 INFO ICBHI/dn: configuracion global 7 (decidida por balanced_accuracy_mean), BA folds=0.940±0.063 agrupada=0.943 [COMPLETED]
2026-09-26 14:23:35,935 INFO preparando FRAIWAN_Extended/no_dn (rama no_dn, 30 configuraciones x folds internos)
2026-09-26 14:23:37,424 INFO FRAIWAN_Extended/no_dn fold 0: 27/7 pacientes train/validation, 30 de 30 configuracion(es) por evaluar
2026-09-26 14:23:37,523 INFO FRAIWAN_Extended/no_dn fold 0 config 0: OK val_BA=0.500 (0.0 min)
2026-09-26 14:23:37,537 INFO FRAIWAN_Extended/no_dn fold 0 config 1: OK val_BA=0.500 (0.0 min)
2026-09-26 14:23:37,552 INFO FRAIWAN_Extended/no_dn fold 0 config 2: OK val_BA=0.500 (0.0 min)
2026-09-26 14:23:37,567 INFO FRAIWAN_Extended/no_dn fold 0 config 3: OK val_BA=0.500 (0.0 min)
2026-09-26 14:23:37,581 INFO FRAIWAN_Extended/no_dn fold 0 config 4: OK val_BA=0.500 (0.0 min)
2026-09-26 14:23:37,596 INFO FRAIWAN_Extended/no_dn fold 0 config 5: OK val_BA=0.700 (0.0 min)
2026-09-26 14:23:37,610 INFO FRAIWAN_Extended/no_dn fold 0 config 6: OK val_BA=0.500 (0.0 min)
2026-09-26 14:23:37,625 INFO FRAIWAN_Extended/no_dn fold 0 config 7: OK val_BA=0.700 (0.0 min)
2026-09-26 14:23:37,639 INFO FRAIWAN_Extended/no_dn fold 0 config 8: OK val_BA=0.500 (0.0 min)
2026-09-26 14:23:37,654 INFO FRAIWAN_Extended/no_dn fold 0 config 9: OK val_BA=0.500 (0.0 min)
2026-09-26 14:23:37,669 INFO FRAIWAN_Extended/no_dn fold 0 config 10: OK val_BA=0.650 (0.0 min)
2026-09-26 14:23:37,683 INFO FRAIWAN_Extended/no_dn fold 0 config 11: OK val_BA=0.650 (0.0 min)
2026-09-26 14:23:37,698 INFO FRAIWAN_Extended/no_dn fold 0 config 12: OK val_BA=0.650 (0.0 min)
2026-09-26 14:23:37,712 INFO FRAIWAN_Extended/no_dn fold 0 config 13: OK val_BA=0.500 (0.0 min)
2026-09-26 14:23:37,726 INFO FRAIWAN_Extended/no_dn fold 0 config 14: OK val_BA=0.500 (0.0 min)
2026-09-26 14:23:37,741 INFO FRAIWAN_Extended/no_dn fold 0 config 15: OK val_BA=0.750 (0.0 min)
2026-09-26 14:23:37,756 INFO FRAIWAN_Extended/no_dn fold 0 config 16: OK val_BA=0.750 (0.0 min)
2026-09-26 14:23:37,770 INFO FRAIWAN_Extended/no_dn fold 0 config 17: OK val_BA=0.650 (0.0 min)
2026-09-26 14:23:37,785 INFO FRAIWAN_Extended/no_dn fold 0 config 18: OK val_BA=0.500 (0.0 min)
2026-09-26 14:23:37,799 INFO FRAIWAN_Extended/no_dn fold 0 config 19: OK val_BA=0.500 (0.0 min)
2026-09-26 14:23:37,814 INFO FRAIWAN_Extended/no_dn fold 0 config 20: OK val_BA=0.750 (0.0 min)
2026-09-26 14:23:37,829 INFO FRAIWAN_Extended/no_dn fold 0 config 21: OK val_BA=0.650 (0.0 min)
2026-09-26 14:23:37,843 INFO FRAIWAN_Extended/no_dn fold 0 config 22: OK val_BA=0.750 (0.0 min)
2026-09-26 14:23:37,858 INFO FRAIWAN_Extended/no_dn fold 0 config 23: OK val_BA=0.500 (0.0 min)
2026-09-26 14:23:37,872 INFO FRAIWAN_Extended/no_dn fold 0 config 24: OK val_BA=0.500 (0.0 min)
2026-09-26 14:23:37,887 INFO FRAIWAN_Extended/no_dn fold 0 config 25: OK val_BA=0.750 (0.0 min)
2026-09-26 14:23:37,901 INFO FRAIWAN_Extended/no_dn fold 0 config 26: OK val_BA=0.750 (0.0 min)
2026-09-26 14:23:37,916 INFO FRAIWAN_Extended/no_dn fold 0 config 27: OK val_BA=0.750 (0.0 min)
2026-09-26 14:23:37,931 INFO FRAIWAN_Extended/no_dn fold 0 config 28: OK val_BA=0.500 (0.0 min)
2026-09-26 14:23:37,946 INFO FRAIWAN_Extended/no_dn fold 0 config 29: OK val_BA=0.500 (0.0 min)
2026-09-26 14:23:39,446 INFO FRAIWAN_Extended/no_dn fold 1: 27/7 pacientes train/validation, 30 de 30 configuracion(es) por evaluar
2026-09-26 14:23:39,544 INFO FRAIWAN_Extended/no_dn fold 1 config 0: OK val_BA=0.500 (0.0 min)
2026-09-26 14:23:39,558 INFO FRAIWAN_Extended/no_dn fold 1 config 1: OK val_BA=0.500 (0.0 min)
2026-09-26 14:23:39,573 INFO FRAIWAN_Extended/no_dn fold 1 config 2: OK val_BA=0.500 (0.0 min)
2026-09-26 14:23:39,588 INFO FRAIWAN_Extended/no_dn fold 1 config 3: OK val_BA=0.500 (0.0 min)
2026-09-26 14:23:39,602 INFO FRAIWAN_Extended/no_dn fold 1 config 4: OK val_BA=0.500 (0.0 min)
2026-09-26 14:23:39,616 INFO FRAIWAN_Extended/no_dn fold 1 config 5: OK val_BA=0.500 (0.0 min)
2026-09-26 14:23:39,631 INFO FRAIWAN_Extended/no_dn fold 1 config 6: OK val_BA=0.500 (0.0 min)
2026-09-26 14:23:39,645 INFO FRAIWAN_Extended/no_dn fold 1 config 7: OK val_BA=0.500 (0.0 min)
2026-09-26 14:23:39,660 INFO FRAIWAN_Extended/no_dn fold 1 config 8: OK val_BA=0.500 (0.0 min)
2026-09-26 14:23:39,674 INFO FRAIWAN_Extended/no_dn fold 1 config 9: OK val_BA=0.500 (0.0 min)
2026-09-26 14:23:39,689 INFO FRAIWAN_Extended/no_dn fold 1 config 10: OK val_BA=0.500 (0.0 min)
2026-09-26 14:23:39,703 INFO FRAIWAN_Extended/no_dn fold 1 config 11: OK val_BA=0.500 (0.0 min)
2026-09-26 14:23:39,718 INFO FRAIWAN_Extended/no_dn fold 1 config 12: OK val_BA=0.500 (0.0 min)
2026-09-26 14:23:39,732 INFO FRAIWAN_Extended/no_dn fold 1 config 13: OK val_BA=0.500 (0.0 min)
2026-09-26 14:23:39,747 INFO FRAIWAN_Extended/no_dn fold 1 config 14: OK val_BA=0.500 (0.0 min)
2026-09-26 14:23:39,761 INFO FRAIWAN_Extended/no_dn fold 1 config 15: OK val_BA=0.500 (0.0 min)
2026-09-26 14:23:39,776 INFO FRAIWAN_Extended/no_dn fold 1 config 16: OK val_BA=0.500 (0.0 min)
2026-09-26 14:23:39,790 INFO FRAIWAN_Extended/no_dn fold 1 config 17: OK val_BA=0.500 (0.0 min)
2026-09-26 14:23:39,805 INFO FRAIWAN_Extended/no_dn fold 1 config 18: OK val_BA=0.500 (0.0 min)
2026-09-26 14:23:39,819 INFO FRAIWAN_Extended/no_dn fold 1 config 19: OK val_BA=0.500 (0.0 min)
2026-09-26 14:23:39,834 INFO FRAIWAN_Extended/no_dn fold 1 config 20: OK val_BA=0.500 (0.0 min)
2026-09-26 14:23:39,848 INFO FRAIWAN_Extended/no_dn fold 1 config 21: OK val_BA=0.500 (0.0 min)
2026-09-26 14:23:39,862 INFO FRAIWAN_Extended/no_dn fold 1 config 22: OK val_BA=0.500 (0.0 min)
2026-09-26 14:23:39,877 INFO FRAIWAN_Extended/no_dn fold 1 config 23: OK val_BA=0.500 (0.0 min)
2026-09-26 14:23:39,891 INFO FRAIWAN_Extended/no_dn fold 1 config 24: OK val_BA=0.500 (0.0 min)
2026-09-26 14:23:39,906 INFO FRAIWAN_Extended/no_dn fold 1 config 25: OK val_BA=0.500 (0.0 min)
2026-09-26 14:23:39,921 INFO FRAIWAN_Extended/no_dn fold 1 config 26: OK val_BA=0.500 (0.0 min)
2026-09-26 14:23:39,935 INFO FRAIWAN_Extended/no_dn fold 1 config 27: OK val_BA=0.500 (0.0 min)
2026-09-26 14:23:39,949 INFO FRAIWAN_Extended/no_dn fold 1 config 28: OK val_BA=0.500 (0.0 min)
2026-09-26 14:23:39,964 INFO FRAIWAN_Extended/no_dn fold 1 config 29: OK val_BA=0.500 (0.0 min)
2026-09-26 14:23:41,469 INFO FRAIWAN_Extended/no_dn fold 2: 27/7 pacientes train/validation, 30 de 30 configuracion(es) por evaluar
2026-09-26 14:23:41,569 INFO FRAIWAN_Extended/no_dn fold 2 config 0: OK val_BA=0.500 (0.0 min)
2026-09-26 14:23:41,583 INFO FRAIWAN_Extended/no_dn fold 2 config 1: OK val_BA=0.500 (0.0 min)
2026-09-26 14:23:41,598 INFO FRAIWAN_Extended/no_dn fold 2 config 2: OK val_BA=0.500 (0.0 min)
2026-09-26 14:23:41,612 INFO FRAIWAN_Extended/no_dn fold 2 config 3: OK val_BA=0.500 (0.0 min)
2026-09-26 14:23:41,627 INFO FRAIWAN_Extended/no_dn fold 2 config 4: OK val_BA=0.500 (0.0 min)
2026-09-26 14:23:41,641 INFO FRAIWAN_Extended/no_dn fold 2 config 5: OK val_BA=0.500 (0.0 min)
2026-09-26 14:23:41,656 INFO FRAIWAN_Extended/no_dn fold 2 config 6: OK val_BA=0.500 (0.0 min)
2026-09-26 14:23:41,670 INFO FRAIWAN_Extended/no_dn fold 2 config 7: OK val_BA=0.750 (0.0 min)
2026-09-26 14:23:41,684 INFO FRAIWAN_Extended/no_dn fold 2 config 8: OK val_BA=0.500 (0.0 min)
2026-09-26 14:23:41,699 INFO FRAIWAN_Extended/no_dn fold 2 config 9: OK val_BA=0.500 (0.0 min)
2026-09-26 14:23:41,713 INFO FRAIWAN_Extended/no_dn fold 2 config 10: OK val_BA=0.500 (0.0 min)
2026-09-26 14:23:41,727 INFO FRAIWAN_Extended/no_dn fold 2 config 11: OK val_BA=0.500 (0.0 min)
2026-09-26 14:23:41,742 INFO FRAIWAN_Extended/no_dn fold 2 config 12: OK val_BA=0.333 (0.0 min)
2026-09-26 14:23:41,756 INFO FRAIWAN_Extended/no_dn fold 2 config 13: OK val_BA=0.500 (0.0 min)
2026-09-26 14:23:41,770 INFO FRAIWAN_Extended/no_dn fold 2 config 14: OK val_BA=0.500 (0.0 min)
2026-09-26 14:23:41,785 INFO FRAIWAN_Extended/no_dn fold 2 config 15: OK val_BA=0.500 (0.0 min)
2026-09-26 14:23:41,799 INFO FRAIWAN_Extended/no_dn fold 2 config 16: OK val_BA=0.250 (0.0 min)
2026-09-26 14:23:41,813 INFO FRAIWAN_Extended/no_dn fold 2 config 17: OK val_BA=0.417 (0.0 min)
2026-09-26 14:23:41,828 INFO FRAIWAN_Extended/no_dn fold 2 config 18: OK val_BA=0.500 (0.0 min)
2026-09-26 14:23:41,842 INFO FRAIWAN_Extended/no_dn fold 2 config 19: OK val_BA=0.500 (0.0 min)
2026-09-26 14:23:41,856 INFO FRAIWAN_Extended/no_dn fold 2 config 20: OK val_BA=0.500 (0.0 min)
2026-09-26 14:23:41,871 INFO FRAIWAN_Extended/no_dn fold 2 config 21: OK val_BA=0.417 (0.0 min)
2026-09-26 14:23:41,885 INFO FRAIWAN_Extended/no_dn fold 2 config 22: OK val_BA=0.417 (0.0 min)
2026-09-26 14:23:41,899 INFO FRAIWAN_Extended/no_dn fold 2 config 23: OK val_BA=0.500 (0.0 min)
2026-09-26 14:23:41,913 INFO FRAIWAN_Extended/no_dn fold 2 config 24: OK val_BA=0.500 (0.0 min)
2026-09-26 14:23:41,928 INFO FRAIWAN_Extended/no_dn fold 2 config 25: OK val_BA=0.500 (0.0 min)
2026-09-26 14:23:41,942 INFO FRAIWAN_Extended/no_dn fold 2 config 26: OK val_BA=0.417 (0.0 min)
2026-09-26 14:23:41,956 INFO FRAIWAN_Extended/no_dn fold 2 config 27: OK val_BA=0.417 (0.0 min)
2026-09-26 14:23:41,971 INFO FRAIWAN_Extended/no_dn fold 2 config 28: OK val_BA=0.500 (0.0 min)
2026-09-26 14:23:41,985 INFO FRAIWAN_Extended/no_dn fold 2 config 29: OK val_BA=0.500 (0.0 min)
2026-09-26 14:23:43,466 INFO FRAIWAN_Extended/no_dn fold 3: 27/7 pacientes train/validation, 30 de 30 configuracion(es) por evaluar
2026-09-26 14:23:43,565 INFO FRAIWAN_Extended/no_dn fold 3 config 0: OK val_BA=0.500 (0.0 min)
2026-09-26 14:23:43,579 INFO FRAIWAN_Extended/no_dn fold 3 config 1: OK val_BA=0.500 (0.0 min)
2026-09-26 14:23:43,593 INFO FRAIWAN_Extended/no_dn fold 3 config 2: OK val_BA=0.500 (0.0 min)
2026-09-26 14:23:43,608 INFO FRAIWAN_Extended/no_dn fold 3 config 3: OK val_BA=0.500 (0.0 min)
2026-09-26 14:23:43,622 INFO FRAIWAN_Extended/no_dn fold 3 config 4: OK val_BA=0.500 (0.0 min)
2026-09-26 14:23:43,636 INFO FRAIWAN_Extended/no_dn fold 3 config 5: OK val_BA=0.500 (0.0 min)
2026-09-26 14:23:43,651 INFO FRAIWAN_Extended/no_dn fold 3 config 6: OK val_BA=0.500 (0.0 min)
2026-09-26 14:23:43,665 INFO FRAIWAN_Extended/no_dn fold 3 config 7: OK val_BA=0.500 (0.0 min)
2026-09-26 14:23:43,679 INFO FRAIWAN_Extended/no_dn fold 3 config 8: OK val_BA=0.500 (0.0 min)
2026-09-26 14:23:43,693 INFO FRAIWAN_Extended/no_dn fold 3 config 9: OK val_BA=0.500 (0.0 min)
2026-09-26 14:23:43,708 INFO FRAIWAN_Extended/no_dn fold 3 config 10: OK val_BA=0.500 (0.0 min)
2026-09-26 14:23:43,722 INFO FRAIWAN_Extended/no_dn fold 3 config 11: OK val_BA=1.000 (0.0 min)
2026-09-26 14:23:43,737 INFO FRAIWAN_Extended/no_dn fold 3 config 12: OK val_BA=1.000 (0.0 min)
2026-09-26 14:23:43,751 INFO FRAIWAN_Extended/no_dn fold 3 config 13: OK val_BA=0.500 (0.0 min)
2026-09-26 14:23:43,765 INFO FRAIWAN_Extended/no_dn fold 3 config 14: OK val_BA=0.500 (0.0 min)
2026-09-26 14:23:43,779 INFO FRAIWAN_Extended/no_dn fold 3 config 15: OK val_BA=0.500 (0.0 min)
2026-09-26 14:23:43,794 INFO FRAIWAN_Extended/no_dn fold 3 config 16: OK val_BA=1.000 (0.0 min)
2026-09-26 14:23:43,808 INFO FRAIWAN_Extended/no_dn fold 3 config 17: OK val_BA=1.000 (0.0 min)
2026-09-26 14:23:43,822 INFO FRAIWAN_Extended/no_dn fold 3 config 18: OK val_BA=0.500 (0.0 min)
2026-09-26 14:23:43,837 INFO FRAIWAN_Extended/no_dn fold 3 config 19: OK val_BA=0.500 (0.0 min)
2026-09-26 14:23:43,851 INFO FRAIWAN_Extended/no_dn fold 3 config 20: OK val_BA=0.500 (0.0 min)
2026-09-26 14:23:43,865 INFO FRAIWAN_Extended/no_dn fold 3 config 21: OK val_BA=1.000 (0.0 min)
2026-09-26 14:23:43,880 INFO FRAIWAN_Extended/no_dn fold 3 config 22: OK val_BA=1.000 (0.0 min)
2026-09-26 14:23:43,894 INFO FRAIWAN_Extended/no_dn fold 3 config 23: OK val_BA=0.500 (0.0 min)
2026-09-26 14:23:43,908 INFO FRAIWAN_Extended/no_dn fold 3 config 24: OK val_BA=0.500 (0.0 min)
2026-09-26 14:23:43,922 INFO FRAIWAN_Extended/no_dn fold 3 config 25: OK val_BA=0.500 (0.0 min)
2026-09-26 14:23:43,937 INFO FRAIWAN_Extended/no_dn fold 3 config 26: OK val_BA=1.000 (0.0 min)
2026-09-26 14:23:43,951 INFO FRAIWAN_Extended/no_dn fold 3 config 27: OK val_BA=1.000 (0.0 min)
2026-09-26 14:23:43,965 INFO FRAIWAN_Extended/no_dn fold 3 config 28: OK val_BA=0.500 (0.0 min)
2026-09-26 14:23:43,980 INFO FRAIWAN_Extended/no_dn fold 3 config 29: OK val_BA=0.500 (0.0 min)
2026-09-26 14:23:45,459 INFO FRAIWAN_Extended/no_dn fold 4: 28/6 pacientes train/validation, 30 de 30 configuracion(es) por evaluar
2026-09-26 14:23:45,560 INFO FRAIWAN_Extended/no_dn fold 4 config 0: OK val_BA=0.500 (0.0 min)
2026-09-26 14:23:45,574 INFO FRAIWAN_Extended/no_dn fold 4 config 1: OK val_BA=0.500 (0.0 min)
2026-09-26 14:23:45,589 INFO FRAIWAN_Extended/no_dn fold 4 config 2: OK val_BA=0.500 (0.0 min)
2026-09-26 14:23:45,603 INFO FRAIWAN_Extended/no_dn fold 4 config 3: OK val_BA=0.500 (0.0 min)
2026-09-26 14:23:45,617 INFO FRAIWAN_Extended/no_dn fold 4 config 4: OK val_BA=0.500 (0.0 min)
2026-09-26 14:23:45,632 INFO FRAIWAN_Extended/no_dn fold 4 config 5: OK val_BA=0.500 (0.0 min)
2026-09-26 14:23:45,646 INFO FRAIWAN_Extended/no_dn fold 4 config 6: OK val_BA=0.500 (0.0 min)
2026-09-26 14:23:45,660 INFO FRAIWAN_Extended/no_dn fold 4 config 7: OK val_BA=0.800 (0.0 min)
2026-09-26 14:23:45,674 INFO FRAIWAN_Extended/no_dn fold 4 config 8: OK val_BA=0.500 (0.0 min)
2026-09-26 14:23:45,689 INFO FRAIWAN_Extended/no_dn fold 4 config 9: OK val_BA=0.500 (0.0 min)
2026-09-26 14:23:45,703 INFO FRAIWAN_Extended/no_dn fold 4 config 10: OK val_BA=0.400 (0.0 min)
2026-09-26 14:23:45,717 INFO FRAIWAN_Extended/no_dn fold 4 config 11: OK val_BA=1.000 (0.0 min)
2026-09-26 14:23:45,732 INFO FRAIWAN_Extended/no_dn fold 4 config 12: OK val_BA=0.900 (0.0 min)
2026-09-26 14:23:45,746 INFO FRAIWAN_Extended/no_dn fold 4 config 13: OK val_BA=0.500 (0.0 min)
2026-09-26 14:23:45,760 INFO FRAIWAN_Extended/no_dn fold 4 config 14: OK val_BA=0.500 (0.0 min)
2026-09-26 14:23:45,774 INFO FRAIWAN_Extended/no_dn fold 4 config 15: OK val_BA=0.400 (0.0 min)
2026-09-26 14:23:45,789 INFO FRAIWAN_Extended/no_dn fold 4 config 16: OK val_BA=0.900 (0.0 min)
2026-09-26 14:23:45,803 INFO FRAIWAN_Extended/no_dn fold 4 config 17: OK val_BA=0.900 (0.0 min)
2026-09-26 14:23:45,817 INFO FRAIWAN_Extended/no_dn fold 4 config 18: OK val_BA=0.500 (0.0 min)
2026-09-26 14:23:45,831 INFO FRAIWAN_Extended/no_dn fold 4 config 19: OK val_BA=0.500 (0.0 min)
2026-09-26 14:23:45,846 INFO FRAIWAN_Extended/no_dn fold 4 config 20: OK val_BA=0.400 (0.0 min)
2026-09-26 14:23:45,860 INFO FRAIWAN_Extended/no_dn fold 4 config 21: OK val_BA=0.900 (0.0 min)
2026-09-26 14:23:45,874 INFO FRAIWAN_Extended/no_dn fold 4 config 22: OK val_BA=0.900 (0.0 min)
2026-09-26 14:23:45,889 INFO FRAIWAN_Extended/no_dn fold 4 config 23: OK val_BA=0.500 (0.0 min)
2026-09-26 14:23:45,903 INFO FRAIWAN_Extended/no_dn fold 4 config 24: OK val_BA=0.500 (0.0 min)
2026-09-26 14:23:45,917 INFO FRAIWAN_Extended/no_dn fold 4 config 25: OK val_BA=0.400 (0.0 min)
2026-09-26 14:23:45,931 INFO FRAIWAN_Extended/no_dn fold 4 config 26: OK val_BA=0.900 (0.0 min)
2026-09-26 14:23:45,946 INFO FRAIWAN_Extended/no_dn fold 4 config 27: OK val_BA=0.900 (0.0 min)
2026-09-26 14:23:45,960 INFO FRAIWAN_Extended/no_dn fold 4 config 28: OK val_BA=0.500 (0.0 min)
2026-09-26 14:23:45,974 INFO FRAIWAN_Extended/no_dn fold 4 config 29: OK val_BA=0.500 (0.0 min)
2026-09-26 14:23:47,050 INFO FRAIWAN_Extended/no_dn: configuracion global 11 (decidida por balanced_accuracy_mean), BA folds=0.730±0.254 agrupada=0.696 [COMPLETED]
2026-09-26 14:23:47,058 INFO preparando FRAIWAN_Extended/dn (rama dn, 30 configuraciones x folds internos)
2026-09-26 14:23:48,559 INFO FRAIWAN_Extended/dn fold 0: 27/7 pacientes train/validation, 30 de 30 configuracion(es) por evaluar
2026-09-26 14:23:48,655 INFO FRAIWAN_Extended/dn fold 0 config 0: OK val_BA=0.500 (0.0 min)
2026-09-26 14:23:48,669 INFO FRAIWAN_Extended/dn fold 0 config 1: OK val_BA=0.500 (0.0 min)
2026-09-26 14:23:48,684 INFO FRAIWAN_Extended/dn fold 0 config 2: OK val_BA=0.500 (0.0 min)
2026-09-26 14:23:48,698 INFO FRAIWAN_Extended/dn fold 0 config 3: OK val_BA=0.500 (0.0 min)
2026-09-26 14:23:48,713 INFO FRAIWAN_Extended/dn fold 0 config 4: OK val_BA=0.500 (0.0 min)
2026-09-26 14:23:48,727 INFO FRAIWAN_Extended/dn fold 0 config 5: OK val_BA=0.500 (0.0 min)
2026-09-26 14:23:48,742 INFO FRAIWAN_Extended/dn fold 0 config 6: OK val_BA=0.500 (0.0 min)
2026-09-26 14:23:48,756 INFO FRAIWAN_Extended/dn fold 0 config 7: OK val_BA=0.500 (0.0 min)
2026-09-26 14:23:48,770 INFO FRAIWAN_Extended/dn fold 0 config 8: OK val_BA=0.500 (0.0 min)
2026-09-26 14:23:48,785 INFO FRAIWAN_Extended/dn fold 0 config 9: OK val_BA=0.500 (0.0 min)
2026-09-26 14:23:48,799 INFO FRAIWAN_Extended/dn fold 0 config 10: OK val_BA=0.400 (0.0 min)
2026-09-26 14:23:48,813 INFO FRAIWAN_Extended/dn fold 0 config 11: OK val_BA=0.800 (0.0 min)
2026-09-26 14:23:48,828 INFO FRAIWAN_Extended/dn fold 0 config 12: OK val_BA=0.650 (0.0 min)
2026-09-26 14:23:48,842 INFO FRAIWAN_Extended/dn fold 0 config 13: OK val_BA=0.500 (0.0 min)
2026-09-26 14:23:48,857 INFO FRAIWAN_Extended/dn fold 0 config 14: OK val_BA=0.500 (0.0 min)
2026-09-26 14:23:48,871 INFO FRAIWAN_Extended/dn fold 0 config 15: OK val_BA=0.400 (0.0 min)
2026-09-26 14:23:48,886 INFO FRAIWAN_Extended/dn fold 0 config 16: OK val_BA=0.550 (0.0 min)
2026-09-26 14:23:48,901 INFO FRAIWAN_Extended/dn fold 0 config 17: OK val_BA=0.650 (0.0 min)
2026-09-26 14:23:48,916 INFO FRAIWAN_Extended/dn fold 0 config 18: OK val_BA=0.500 (0.0 min)
2026-09-26 14:23:48,931 INFO FRAIWAN_Extended/dn fold 0 config 19: OK val_BA=0.500 (0.0 min)
2026-09-26 14:23:48,947 INFO FRAIWAN_Extended/dn fold 0 config 20: OK val_BA=0.400 (0.0 min)
2026-09-26 14:23:48,962 INFO FRAIWAN_Extended/dn fold 0 config 21: OK val_BA=0.650 (0.0 min)
2026-09-26 14:23:48,978 INFO FRAIWAN_Extended/dn fold 0 config 22: OK val_BA=0.400 (0.0 min)
2026-09-26 14:23:48,993 INFO FRAIWAN_Extended/dn fold 0 config 23: OK val_BA=0.500 (0.0 min)
2026-09-26 14:23:49,009 INFO FRAIWAN_Extended/dn fold 0 config 24: OK val_BA=0.500 (0.0 min)
2026-09-26 14:23:49,024 INFO FRAIWAN_Extended/dn fold 0 config 25: OK val_BA=0.400 (0.0 min)
2026-09-26 14:23:49,040 INFO FRAIWAN_Extended/dn fold 0 config 26: OK val_BA=0.400 (0.0 min)
2026-09-26 14:23:49,055 INFO FRAIWAN_Extended/dn fold 0 config 27: OK val_BA=0.400 (0.0 min)
2026-09-26 14:23:49,071 INFO FRAIWAN_Extended/dn fold 0 config 28: OK val_BA=0.500 (0.0 min)
2026-09-26 14:23:49,086 INFO FRAIWAN_Extended/dn fold 0 config 29: OK val_BA=0.500 (0.0 min)
2026-09-26 14:23:50,569 INFO FRAIWAN_Extended/dn fold 1: 27/7 pacientes train/validation, 30 de 30 configuracion(es) por evaluar
2026-09-26 14:23:50,662 INFO FRAIWAN_Extended/dn fold 1 config 0: OK val_BA=0.500 (0.0 min)
2026-09-26 14:23:50,677 INFO FRAIWAN_Extended/dn fold 1 config 1: OK val_BA=0.500 (0.0 min)
2026-09-26 14:23:50,691 INFO FRAIWAN_Extended/dn fold 1 config 2: OK val_BA=0.500 (0.0 min)
2026-09-26 14:23:50,706 INFO FRAIWAN_Extended/dn fold 1 config 3: OK val_BA=0.500 (0.0 min)
2026-09-26 14:23:50,720 INFO FRAIWAN_Extended/dn fold 1 config 4: OK val_BA=0.500 (0.0 min)
2026-09-26 14:23:50,734 INFO FRAIWAN_Extended/dn fold 1 config 5: OK val_BA=0.500 (0.0 min)
2026-09-26 14:23:50,749 INFO FRAIWAN_Extended/dn fold 1 config 6: OK val_BA=0.500 (0.0 min)
2026-09-26 14:23:50,763 INFO FRAIWAN_Extended/dn fold 1 config 7: OK val_BA=0.450 (0.0 min)
2026-09-26 14:23:50,777 INFO FRAIWAN_Extended/dn fold 1 config 8: OK val_BA=0.500 (0.0 min)
2026-09-26 14:23:50,792 INFO FRAIWAN_Extended/dn fold 1 config 9: OK val_BA=0.500 (0.0 min)
2026-09-26 14:23:50,807 INFO FRAIWAN_Extended/dn fold 1 config 10: OK val_BA=0.400 (0.0 min)
2026-09-26 14:23:50,822 INFO FRAIWAN_Extended/dn fold 1 config 11: OK val_BA=0.500 (0.0 min)
2026-09-26 14:23:50,838 INFO FRAIWAN_Extended/dn fold 1 config 12: OK val_BA=0.400 (0.0 min)
2026-09-26 14:23:50,853 INFO FRAIWAN_Extended/dn fold 1 config 13: OK val_BA=0.500 (0.0 min)
2026-09-26 14:23:50,869 INFO FRAIWAN_Extended/dn fold 1 config 14: OK val_BA=0.500 (0.0 min)
2026-09-26 14:23:50,884 INFO FRAIWAN_Extended/dn fold 1 config 15: OK val_BA=0.500 (0.0 min)
2026-09-26 14:23:50,900 INFO FRAIWAN_Extended/dn fold 1 config 16: OK val_BA=0.400 (0.0 min)
2026-09-26 14:23:50,915 INFO FRAIWAN_Extended/dn fold 1 config 17: OK val_BA=0.400 (0.0 min)
2026-09-26 14:23:50,931 INFO FRAIWAN_Extended/dn fold 1 config 18: OK val_BA=0.500 (0.0 min)
2026-09-26 14:23:50,946 INFO FRAIWAN_Extended/dn fold 1 config 19: OK val_BA=0.500 (0.0 min)
2026-09-26 14:23:50,961 INFO FRAIWAN_Extended/dn fold 1 config 20: OK val_BA=0.500 (0.0 min)
2026-09-26 14:23:50,976 INFO FRAIWAN_Extended/dn fold 1 config 21: OK val_BA=0.400 (0.0 min)
2026-09-26 14:23:50,992 INFO FRAIWAN_Extended/dn fold 1 config 22: OK val_BA=0.400 (0.0 min)
2026-09-26 14:23:51,007 INFO FRAIWAN_Extended/dn fold 1 config 23: OK val_BA=0.500 (0.0 min)
2026-09-26 14:23:51,023 INFO FRAIWAN_Extended/dn fold 1 config 24: OK val_BA=0.500 (0.0 min)
2026-09-26 14:23:51,038 INFO FRAIWAN_Extended/dn fold 1 config 25: OK val_BA=0.500 (0.0 min)
2026-09-26 14:23:51,053 INFO FRAIWAN_Extended/dn fold 1 config 26: OK val_BA=0.400 (0.0 min)
2026-09-26 14:23:51,069 INFO FRAIWAN_Extended/dn fold 1 config 27: OK val_BA=0.400 (0.0 min)
2026-09-26 14:23:51,084 INFO FRAIWAN_Extended/dn fold 1 config 28: OK val_BA=0.500 (0.0 min)
2026-09-26 14:23:51,099 INFO FRAIWAN_Extended/dn fold 1 config 29: OK val_BA=0.500 (0.0 min)
2026-09-26 14:23:52,578 INFO FRAIWAN_Extended/dn fold 2: 27/7 pacientes train/validation, 30 de 30 configuracion(es) por evaluar
2026-09-26 14:23:52,673 INFO FRAIWAN_Extended/dn fold 2 config 0: OK val_BA=0.417 (0.0 min)
2026-09-26 14:23:52,688 INFO FRAIWAN_Extended/dn fold 2 config 1: OK val_BA=0.500 (0.0 min)
2026-09-26 14:23:52,702 INFO FRAIWAN_Extended/dn fold 2 config 2: OK val_BA=0.250 (0.0 min)
2026-09-26 14:23:52,716 INFO FRAIWAN_Extended/dn fold 2 config 3: OK val_BA=0.500 (0.0 min)
2026-09-26 14:23:52,731 INFO FRAIWAN_Extended/dn fold 2 config 4: OK val_BA=0.500 (0.0 min)
2026-09-26 14:23:52,745 INFO FRAIWAN_Extended/dn fold 2 config 5: OK val_BA=0.500 (0.0 min)
2026-09-26 14:23:52,760 INFO FRAIWAN_Extended/dn fold 2 config 6: OK val_BA=0.500 (0.0 min)
2026-09-26 14:23:52,774 INFO FRAIWAN_Extended/dn fold 2 config 7: OK val_BA=0.500 (0.0 min)
2026-09-26 14:23:52,788 INFO FRAIWAN_Extended/dn fold 2 config 8: OK val_BA=0.500 (0.0 min)
2026-09-26 14:23:52,803 INFO FRAIWAN_Extended/dn fold 2 config 9: OK val_BA=0.500 (0.0 min)
2026-09-26 14:23:52,817 INFO FRAIWAN_Extended/dn fold 2 config 10: OK val_BA=0.417 (0.0 min)
2026-09-26 14:23:52,831 INFO FRAIWAN_Extended/dn fold 2 config 11: OK val_BA=0.250 (0.0 min)
2026-09-26 14:23:52,845 INFO FRAIWAN_Extended/dn fold 2 config 12: OK val_BA=0.333 (0.0 min)
2026-09-26 14:23:52,860 INFO FRAIWAN_Extended/dn fold 2 config 13: OK val_BA=0.500 (0.0 min)
2026-09-26 14:23:52,874 INFO FRAIWAN_Extended/dn fold 2 config 14: OK val_BA=0.500 (0.0 min)
2026-09-26 14:23:52,889 INFO FRAIWAN_Extended/dn fold 2 config 15: OK val_BA=0.500 (0.0 min)
2026-09-26 14:23:52,903 INFO FRAIWAN_Extended/dn fold 2 config 16: OK val_BA=0.333 (0.0 min)
2026-09-26 14:23:52,917 INFO FRAIWAN_Extended/dn fold 2 config 17: OK val_BA=0.250 (0.0 min)
2026-09-26 14:23:52,932 INFO FRAIWAN_Extended/dn fold 2 config 18: OK val_BA=0.500 (0.0 min)
2026-09-26 14:23:52,946 INFO FRAIWAN_Extended/dn fold 2 config 19: OK val_BA=0.500 (0.0 min)
2026-09-26 14:23:52,960 INFO FRAIWAN_Extended/dn fold 2 config 20: OK val_BA=0.500 (0.0 min)
2026-09-26 14:23:52,974 INFO FRAIWAN_Extended/dn fold 2 config 21: OK val_BA=0.250 (0.0 min)
2026-09-26 14:23:52,989 INFO FRAIWAN_Extended/dn fold 2 config 22: OK val_BA=0.250 (0.0 min)
2026-09-26 14:23:53,003 INFO FRAIWAN_Extended/dn fold 2 config 23: OK val_BA=0.500 (0.0 min)
2026-09-26 14:23:53,017 INFO FRAIWAN_Extended/dn fold 2 config 24: OK val_BA=0.500 (0.0 min)
2026-09-26 14:23:53,031 INFO FRAIWAN_Extended/dn fold 2 config 25: OK val_BA=0.500 (0.0 min)
2026-09-26 14:23:53,045 INFO FRAIWAN_Extended/dn fold 2 config 26: OK val_BA=0.333 (0.0 min)
2026-09-26 14:23:53,060 INFO FRAIWAN_Extended/dn fold 2 config 27: OK val_BA=0.250 (0.0 min)
2026-09-26 14:23:53,074 INFO FRAIWAN_Extended/dn fold 2 config 28: OK val_BA=0.500 (0.0 min)
2026-09-26 14:23:53,088 INFO FRAIWAN_Extended/dn fold 2 config 29: OK val_BA=0.500 (0.0 min)
2026-09-26 14:23:54,566 INFO FRAIWAN_Extended/dn fold 3: 27/7 pacientes train/validation, 30 de 30 configuracion(es) por evaluar
2026-09-26 14:23:54,667 INFO FRAIWAN_Extended/dn fold 3 config 0: OK val_BA=0.500 (0.0 min)
2026-09-26 14:23:54,681 INFO FRAIWAN_Extended/dn fold 3 config 1: OK val_BA=0.500 (0.0 min)
2026-09-26 14:23:54,696 INFO FRAIWAN_Extended/dn fold 3 config 2: OK val_BA=0.500 (0.0 min)
2026-09-26 14:23:54,710 INFO FRAIWAN_Extended/dn fold 3 config 3: OK val_BA=0.500 (0.0 min)
2026-09-26 14:23:54,724 INFO FRAIWAN_Extended/dn fold 3 config 4: OK val_BA=0.500 (0.0 min)
2026-09-26 14:23:54,739 INFO FRAIWAN_Extended/dn fold 3 config 5: OK val_BA=0.500 (0.0 min)
2026-09-26 14:23:54,753 INFO FRAIWAN_Extended/dn fold 3 config 6: OK val_BA=0.500 (0.0 min)
2026-09-26 14:23:54,768 INFO FRAIWAN_Extended/dn fold 3 config 7: OK val_BA=0.500 (0.0 min)
2026-09-26 14:23:54,782 INFO FRAIWAN_Extended/dn fold 3 config 8: OK val_BA=0.500 (0.0 min)
2026-09-26 14:23:54,796 INFO FRAIWAN_Extended/dn fold 3 config 9: OK val_BA=0.500 (0.0 min)
2026-09-26 14:23:54,811 INFO FRAIWAN_Extended/dn fold 3 config 10: OK val_BA=0.417 (0.0 min)
2026-09-26 14:23:54,825 INFO FRAIWAN_Extended/dn fold 3 config 11: OK val_BA=0.917 (0.0 min)
2026-09-26 14:23:54,839 INFO FRAIWAN_Extended/dn fold 3 config 12: OK val_BA=0.917 (0.0 min)
2026-09-26 14:23:54,854 INFO FRAIWAN_Extended/dn fold 3 config 13: OK val_BA=0.500 (0.0 min)
2026-09-26 14:23:54,868 INFO FRAIWAN_Extended/dn fold 3 config 14: OK val_BA=0.500 (0.0 min)
2026-09-26 14:23:54,883 INFO FRAIWAN_Extended/dn fold 3 config 15: OK val_BA=0.500 (0.0 min)
2026-09-26 14:23:54,897 INFO FRAIWAN_Extended/dn fold 3 config 16: OK val_BA=0.917 (0.0 min)
2026-09-26 14:23:54,911 INFO FRAIWAN_Extended/dn fold 3 config 17: OK val_BA=0.417 (0.0 min)
2026-09-26 14:23:54,926 INFO FRAIWAN_Extended/dn fold 3 config 18: OK val_BA=0.500 (0.0 min)
2026-09-26 14:23:54,940 INFO FRAIWAN_Extended/dn fold 3 config 19: OK val_BA=0.500 (0.0 min)
2026-09-26 14:23:54,954 INFO FRAIWAN_Extended/dn fold 3 config 20: OK val_BA=0.500 (0.0 min)
2026-09-26 14:23:54,969 INFO FRAIWAN_Extended/dn fold 3 config 21: OK val_BA=0.500 (0.0 min)
2026-09-26 14:23:54,983 INFO FRAIWAN_Extended/dn fold 3 config 22: OK val_BA=0.417 (0.0 min)
2026-09-26 14:23:54,997 INFO FRAIWAN_Extended/dn fold 3 config 23: OK val_BA=0.500 (0.0 min)
2026-09-26 14:23:55,012 INFO FRAIWAN_Extended/dn fold 3 config 24: OK val_BA=0.500 (0.0 min)
2026-09-26 14:23:55,026 INFO FRAIWAN_Extended/dn fold 3 config 25: OK val_BA=0.500 (0.0 min)
2026-09-26 14:23:55,040 INFO FRAIWAN_Extended/dn fold 3 config 26: OK val_BA=0.917 (0.0 min)
2026-09-26 14:23:55,055 INFO FRAIWAN_Extended/dn fold 3 config 27: OK val_BA=0.417 (0.0 min)
2026-09-26 14:23:55,069 INFO FRAIWAN_Extended/dn fold 3 config 28: OK val_BA=0.500 (0.0 min)
2026-09-26 14:23:55,084 INFO FRAIWAN_Extended/dn fold 3 config 29: OK val_BA=0.500 (0.0 min)
2026-09-26 14:23:56,556 INFO FRAIWAN_Extended/dn fold 4: 28/6 pacientes train/validation, 30 de 30 configuracion(es) por evaluar
2026-09-26 14:23:56,653 INFO FRAIWAN_Extended/dn fold 4 config 0: OK val_BA=0.500 (0.0 min)
2026-09-26 14:23:56,667 INFO FRAIWAN_Extended/dn fold 4 config 1: OK val_BA=0.500 (0.0 min)
2026-09-26 14:23:56,682 INFO FRAIWAN_Extended/dn fold 4 config 2: OK val_BA=0.500 (0.0 min)
2026-09-26 14:23:56,696 INFO FRAIWAN_Extended/dn fold 4 config 3: OK val_BA=0.500 (0.0 min)
2026-09-26 14:23:56,710 INFO FRAIWAN_Extended/dn fold 4 config 4: OK val_BA=0.500 (0.0 min)
2026-09-26 14:23:56,725 INFO FRAIWAN_Extended/dn fold 4 config 5: OK val_BA=0.500 (0.0 min)
2026-09-26 14:23:56,739 INFO FRAIWAN_Extended/dn fold 4 config 6: OK val_BA=0.500 (0.0 min)
2026-09-26 14:23:56,754 INFO FRAIWAN_Extended/dn fold 4 config 7: OK val_BA=0.500 (0.0 min)
2026-09-26 14:23:56,768 INFO FRAIWAN_Extended/dn fold 4 config 8: OK val_BA=0.500 (0.0 min)
2026-09-26 14:23:56,782 INFO FRAIWAN_Extended/dn fold 4 config 9: OK val_BA=0.500 (0.0 min)
2026-09-26 14:23:56,796 INFO FRAIWAN_Extended/dn fold 4 config 10: OK val_BA=0.400 (0.0 min)
2026-09-26 14:23:56,811 INFO FRAIWAN_Extended/dn fold 4 config 11: OK val_BA=0.900 (0.0 min)
2026-09-26 14:23:56,825 INFO FRAIWAN_Extended/dn fold 4 config 12: OK val_BA=0.900 (0.0 min)
2026-09-26 14:23:56,839 INFO FRAIWAN_Extended/dn fold 4 config 13: OK val_BA=0.500 (0.0 min)
2026-09-26 14:23:56,853 INFO FRAIWAN_Extended/dn fold 4 config 14: OK val_BA=0.500 (0.0 min)
2026-09-26 14:23:56,868 INFO FRAIWAN_Extended/dn fold 4 config 15: OK val_BA=0.400 (0.0 min)
2026-09-26 14:23:56,882 INFO FRAIWAN_Extended/dn fold 4 config 16: OK val_BA=0.900 (0.0 min)
2026-09-26 14:23:56,896 INFO FRAIWAN_Extended/dn fold 4 config 17: OK val_BA=0.900 (0.0 min)
2026-09-26 14:23:56,910 INFO FRAIWAN_Extended/dn fold 4 config 18: OK val_BA=0.500 (0.0 min)
2026-09-26 14:23:56,925 INFO FRAIWAN_Extended/dn fold 4 config 19: OK val_BA=0.500 (0.0 min)
2026-09-26 14:23:56,939 INFO FRAIWAN_Extended/dn fold 4 config 20: OK val_BA=0.400 (0.0 min)
2026-09-26 14:23:56,953 INFO FRAIWAN_Extended/dn fold 4 config 21: OK val_BA=0.900 (0.0 min)
2026-09-26 14:23:56,967 INFO FRAIWAN_Extended/dn fold 4 config 22: OK val_BA=0.400 (0.0 min)
2026-09-26 14:23:56,982 INFO FRAIWAN_Extended/dn fold 4 config 23: OK val_BA=0.500 (0.0 min)
2026-09-26 14:23:56,996 INFO FRAIWAN_Extended/dn fold 4 config 24: OK val_BA=0.500 (0.0 min)
2026-09-26 14:23:57,010 INFO FRAIWAN_Extended/dn fold 4 config 25: OK val_BA=0.400 (0.0 min)
2026-09-26 14:23:57,024 INFO FRAIWAN_Extended/dn fold 4 config 26: OK val_BA=0.900 (0.0 min)
2026-09-26 14:23:57,039 INFO FRAIWAN_Extended/dn fold 4 config 27: OK val_BA=0.400 (0.0 min)
2026-09-26 14:23:57,053 INFO FRAIWAN_Extended/dn fold 4 config 28: OK val_BA=0.500 (0.0 min)
2026-09-26 14:23:57,067 INFO FRAIWAN_Extended/dn fold 4 config 29: OK val_BA=0.500 (0.0 min)
2026-09-26 14:23:58,158 INFO FRAIWAN_Extended/dn: configuracion global 11 (decidida por balanced_accuracy_mean), BA folds=0.673±0.290 agrupada=0.656 [COMPLETED]
2026-09-26 14:23:58,168 INFO ejecucion 20260926T191456Z_eca365 finalizada con estado COMPLETED
